Downloading Minecraft server
Installing Fabric Loader 0.16.14(1.18.2) on the server
Downloading required files
Downloading library org.ow2.asm:asm:9.8
Downloading library org.ow2.asm:asm-analysis:9.8
Downloading library org.ow2.asm:asm-commons:9.8
Downloading library org.ow2.asm:asm-tree:9.8
Downloading library org.ow2.asm:asm-util:9.8
Downloading library net.fabricmc:sponge-mixin:0.15.5+mixin.0.8.7
Downloading library net.fabricmc:intermediary:1.18.2
Downloading library net.fabricmc:fabric-loader:0.16.14
Generating server launch JAR
Unpacking 1.18.2/server-1.18.2.jar (versions:1.18.2) to versions\1.18.2\server-1.18.2.jar
Unpacking com/github/oshi/oshi-core/5.8.5/oshi-core-5.8.5.jar (libraries:com.github.oshi:oshi-core:5.8.5) to libraries\com\github\oshi\oshi-core\5.8.5\oshi-core-5.8.5.jar
Unpacking com/google/code/gson/gson/2.8.9/gson-2.8.9.jar (libraries:com.google.code.gson:gson:2.8.9) to libraries\com\google\code\gson\gson\2.8.9\gson-2.8.9.jar
Unpacking com/google/guava/failureaccess/1.0.1/failureaccess-1.0.1.jar (libraries:com.google.guava:failureaccess:1.0.1) to libraries\com\google\guava\failureaccess\1.0.1\failureaccess-1.0.1.jar
Unpacking com/google/guava/guava/31.0.1-jre/guava-31.0.1-jre.jar (libraries:com.google.guava:guava:31.0.1-jre) to libraries\com\google\guava\guava\31.0.1-jre\guava-31.0.1-jre.jar
Unpacking com/mojang/authlib/3.3.39/authlib-3.3.39.jar (libraries:com.mojang:authlib:3.3.39) to libraries\com\mojang\authlib\3.3.39\authlib-3.3.39.jar
Unpacking com/mojang/brigadier/1.0.18/brigadier-1.0.18.jar (libraries:com.mojang:brigadier:1.0.18) to libraries\com\mojang\brigadier\1.0.18\brigadier-1.0.18.jar
Unpacking com/mojang/datafixerupper/4.1.27/datafixerupper-4.1.27.jar (libraries:com.mojang:datafixerupper:4.1.27) to libraries\com\mojang\datafixerupper\4.1.27\datafixerupper-4.1.27.jar
Unpacking com/mojang/javabridge/1.2.24/javabridge-1.2.24.jar (libraries:com.mojang:javabridge:1.2.24) to libraries\com\mojang\javabridge\1.2.24\javabridge-1.2.24.jar
Unpacking com/mojang/logging/1.0.0/logging-1.0.0.jar (libraries:com.mojang:logging:1.0.0) to libraries\com\mojang\logging\1.0.0\logging-1.0.0.jar
Unpacking commons-io/commons-io/2.11.0/commons-io-2.11.0.jar (libraries:commons-io:commons-io:2.11.0) to libraries\commons-io\commons-io\2.11.0\commons-io-2.11.0.jar
Unpacking io/netty/netty-all/4.1.68.Final/netty-all-4.1.68.Final.jar (libraries:io.netty:netty-all:4.1.68.Final) to libraries\io\netty\netty-all\4.1.68.Final\netty-all-4.1.68.Final.jar
Unpacking it/unimi/dsi/fastutil/8.5.6/fastutil-8.5.6.jar (libraries:it.unimi.dsi:fastutil:8.5.6) to libraries\it\unimi\dsi\fastutil\8.5.6\fastutil-8.5.6.jar
Unpacking net/java/dev/jna/jna/5.10.0/jna-5.10.0.jar (libraries:net.java.dev.jna:jna:5.10.0) to libraries\net\java\dev\jna\jna\5.10.0\jna-5.10.0.jar
Unpacking net/java/dev/jna/jna-platform/5.10.0/jna-platform-5.10.0.jar (libraries:net.java.dev.jna:jna-platform:5.10.0) to libraries\net\java\dev\jna\jna-platform\5.10.0\jna-platform-5.10.0.jar
Unpacking net/sf/jopt-simple/jopt-simple/5.0.4/jopt-simple-5.0.4.jar (libraries:net.sf.jopt-simple:jopt-simple:5.0.4) to libraries\net\sf\jopt-simple\jopt-simple\5.0.4\jopt-simple-5.0.4.jar
Unpacking org/apache/commons/commons-lang3/3.12.0/commons-lang3-3.12.0.jar (libraries:org.apache.commons:commons-lang3:3.12.0) to libraries\org\apache\commons\commons-lang3\3.12.0\commons-lang3-3.12.0.jar
Unpacking org/apache/logging/log4j/log4j-api/2.17.0/log4j-api-2.17.0.jar (libraries:org.apache.logging.log4j:log4j-api:2.17.0) to libraries\org\apache\logging\log4j\log4j-api\2.17.0\log4j-api-2.17.0.jar
Unpacking org/apache/logging/log4j/log4j-core/2.17.0/log4j-core-2.17.0.jar (libraries:org.apache.logging.log4j:log4j-core:2.17.0) to libraries\org\apache\logging\log4j\log4j-core\2.17.0\log4j-core-2.17.0.jar
Unpacking org/apache/logging/log4j/log4j-slf4j18-impl/2.17.0/log4j-slf4j18-impl-2.17.0.jar (libraries:org.apache.logging.log4j:log4j-slf4j18-impl:2.17.0) to libraries\org\apache\logging\log4j\log4j-slf4j18-impl\2.17.0\log4j-slf4j18-impl-2.17.0.jar
Unpacking org/slf4j/slf4j-api/1.8.0-beta4/slf4j-api-1.8.0-beta4.jar (libraries:org.slf4j:slf4j-api:1.8.0-beta4) to libraries\org\slf4j\slf4j-api\1.8.0-beta4\slf4j-api-1.8.0-beta4.jar
Starting net.fabricmc.loader.impl.game.minecraft.BundlerClassPathCapture
[03:43:53] [main/INFO]: Loading Minecraft 1.18.2 with Fabric Loader 0.16.14
[03:43:53] [main/INFO]: Fabric is preparing JARs on first launch, this may take a few seconds...
[03:43:53] [main/INFO]: Loading 48 mods:
	- architectury 4.12.94
	- cloth-config 6.5.116
	   \-- cloth-basic-math 0.6.1
	- cuboidplots 0.1.0
	   |-- dev_cuboidplots_core 0.1.0
	   \-- mixinextras 0.4.1
	- fabric-api 0.77.0+1.18.2
	   |-- fabric-api-base 0.4.5+64b7c69360
	   |-- fabric-api-lookup-api-v1 1.6.3+2373a54560
	   |-- fabric-biome-api-v1 8.0.7+e83becad60
	   |-- fabric-block-api-v1 1.0.0+ee3621fc60
	   |-- fabric-blockrenderlayer-v1 1.1.13+3ac43d9560
	   |-- fabric-command-api-v1 1.1.10+d7c144a860
	   |-- fabric-commands-v0 0.2.9+b4f4f6cd60
	   |-- fabric-containers-v0 0.1.24+d7c144a860
	   |-- fabric-content-registries-v0 3.1.3+c85f2e3860
	   |-- fabric-convention-tags-v1 1.1.0+43ce63a460
	   |-- fabric-crash-report-info-v1 0.2.1+ee261a3e60
	   |-- fabric-data-generation-api-v1 3.1.0+6c70b68e60
	   |-- fabric-dimensions-v1 2.1.21+489d6f8260
	   |-- fabric-entity-events-v1 1.4.9+d7c144a860
	   |-- fabric-events-interaction-v0 0.4.20+d7c144a860
	   |-- fabric-events-lifecycle-v0 0.2.22+d7c144a860
	   |-- fabric-game-rule-api-v1 1.0.13+d7c144a860
	   |-- fabric-item-api-v1 1.6.2+8165403660
	   |-- fabric-item-groups-v0 0.3.16+91896a4960
	   |-- fabric-key-binding-api-v1 1.0.12+54e5b2ec60
	   |-- fabric-keybindings-v0 0.2.10+b4f4f6cd60
	   |-- fabric-lifecycle-events-v1 2.1.1+cc71601c60
	   |-- fabric-loot-api-v2 1.1.2+1997ad1260
	   |-- fabric-loot-tables-v1 1.1.4+e747827960
	   |-- fabric-mining-level-api-v1 2.1.6+cc71601c60
	   |-- fabric-models-v0 0.3.7+d7c144a860
	   |-- fabric-networking-api-v1 1.0.24+2d30af4b60
	   |-- fabric-networking-v0 0.3.11+b4f4f6cd60
	   |-- fabric-object-builder-api-v1 2.1.5+032c981d60
	   |-- fabric-particles-v1 0.2.13+526dc1ac60
	   |-- fabric-registry-sync-v0 0.9.12+bb2e047760
	   |-- fabric-renderer-api-v1 0.5.0+bf48649860
	   |-- fabric-renderer-indigo 0.6.1+03e2b68760
	   |-- fabric-renderer-registries-v1 3.2.13+b4f4f6cd60
	   |-- fabric-rendering-data-attachment-v1 0.3.9+ee3621fc60
	   |-- fabric-rendering-fluids-v1 2.0.3+54e5b2ec60
	   |-- fabric-rendering-v0 1.1.15+b4f4f6cd60
	   |-- fabric-rendering-v1 1.11.0+b7f3cf3460
	   |-- fabric-resource-conditions-api-v1 2.0.3+91b7aa6660
	   |-- fabric-resource-loader-v0 0.5.3+047a5ecb60
	   |-- fabric-screen-api-v1 1.0.11+d882b91560
	   |-- fabric-screen-handler-api-v1 1.2.3+1f6558e860
	   |-- fabric-textures-v0 1.0.13+3ac43d9560
	   |-- fabric-transfer-api-v1 1.6.4+f4563ac860
	   \-- fabric-transitive-access-wideners-v1 1.1.0+e747827960
	- fabricloader 0.16.14
	   \-- mixinextras 0.4.1
	- ftbchunks 1802.3.19-build.362
	- ftblibrary 1802.3.12-build.726
	- ftbranks 1802.1.11-build.71
	- ftbteams 1802.2.11-build.152
	- java 17
	- minecraft 1.18.2
[03:43:57] [main/INFO]: SpongePowered MIXIN Subsystem Version=0.8.7 Source=file:/D:/Nextcloud/Projects/Web/CuboidPlots/.work/servers/1.18.2/fabric/ftb/libraries/net/fabricmc/sponge-mixin/0.15.5+mixin.0.8.7/sponge-mixin-0.15.5+mixin.0.8.7.jar Service=Knot/Fabric Env=SERVER
[03:43:59] [main/INFO]: Compatibility level set to JAVA_16
[03:43:59] [main/INFO]: Compatibility level set to JAVA_17
[03:43:59] [main/WARN]: Error loading class: net/minecraft/class_304 (java.lang.ClassNotFoundException: net/minecraft/class_304)
[03:43:59] [main/WARN]: @Mixin target net.minecraft.class_304 was not found ftblibrary-fabric.mixins.json:KeyMappingAccessor from mod ftblibrary
[03:43:59] [main/INFO]: Initializing MixinExtras via com.llamalad7.mixinextras.service.MixinExtrasServiceImpl(version=0.4.1).
[03:44:01] [main/WARN]: COM exception querying Win32_Processor, which might not be on your system. Will not attempt to query it again. Error was -2147217405: (HRESULT: 80041003)
[03:44:01] [main/WARN]: COM exception querying Win32_VideoController, which might not be on your system. Will not attempt to query it again. Error was -2147217405: (HRESULT: 80041003)
[03:44:01] [main/WARN]: COM exception querying Win32_PhysicalMemory, which might not be on your system. Will not attempt to query it again. Error was -2147217405: (HRESULT: 80041003)
[03:44:10] [main/INFO]: Registering C2S receiver with id ftbchunks:request_map_data
[03:44:10] [main/INFO]: Registering C2S receiver with id ftbchunks:request_chunk_change
[03:44:10] [main/INFO]: Registering C2S receiver with id ftbchunks:teleport_from_map
[03:44:10] [main/INFO]: Registering C2S receiver with id ftbchunks:sync_tx
[03:44:10] [main/INFO]: Registering C2S receiver with id ftbchunks:update_force_load_expiry
[03:44:10] [main/INFO]: Registering C2S receiver with id ftbchunks:server_config_request
[03:44:11] [main/INFO]: Registering C2S receiver with id ftblibrary:edit_nbt_response
[03:44:11] [main/INFO]: Registering C2S receiver with id ftbteams:open_gui
[03:44:11] [main/INFO]: Registering C2S receiver with id ftbteams:update_settings
[03:44:11] [main/INFO]: Registering C2S receiver with id ftbteams:send_message
[03:44:11] [main/INFO]: Registering C2S receiver with id ftbteams:create_party
[03:44:11] [main/INFO]: Registering C2S receiver with id ftbteams:player_gui_operation
[03:44:11] [main/INFO]: Environment: authHost='https://authserver.mojang.com', accountsHost='https://api.mojang.com', sessionHost='https://sessionserver.mojang.com', servicesHost='https://api.minecraftservices.com', name='PROD'
[03:44:19] [main/WARN]: Ambiguity between arguments [teleport, location] and [teleport, destination] with inputs: [0.1 -0.5 .9, 0 0 0]
[03:44:19] [main/WARN]: Ambiguity between arguments [teleport, location] and [teleport, targets] with inputs: [0.1 -0.5 .9, 0 0 0]
[03:44:19] [main/WARN]: Ambiguity between arguments [teleport, destination] and [teleport, targets] with inputs: [Player, 0123, @e, dd12be42-52a9-4a91-a8a1-11c01849e498]
[03:44:19] [main/WARN]: Ambiguity between arguments [teleport, targets] and [teleport, destination] with inputs: [Player, 0123, dd12be42-52a9-4a91-a8a1-11c01849e498]
[03:44:19] [main/WARN]: Ambiguity between arguments [teleport, targets, location] and [teleport, targets, destination] with inputs: [0.1 -0.5 .9, 0 0 0]
[03:44:19] [main/WARN]: Ambiguity between arguments [ftbchunks, admin, view_loaded_chunks, reset] and [ftbchunks, admin, view_loaded_chunks, dimension] with inputs: [reset]
[03:44:19] [main/WARN]: Ambiguity between arguments [ftbteams, info, server_id] and [ftbteams, info, team] with inputs: [server_id]
[03:44:19] [main/INFO]: Loading command nodes...
[03:44:19] [main/INFO]: Loaded 1427 command nodes
[03:44:20] [Worker-Main-26/INFO]: Loaded 7 recipes
[03:44:21] [Worker-Main-26/INFO]: Loaded 1141 advancements
[03:44:23] [main/INFO]: Applied 0 biome modifications to 0 of 61 new biomes in 1.675 ms
[03:44:24] [Server thread/INFO]: [STDERR]: java.nio.file.NoSuchFileException: D:\Nextcloud\Projects\Web\CuboidPlots\.work\servers\1.18.2\fabric\ftb\defaultconfigs\ftbchunks\ftbchunks-world.snbt
[03:44:24] [Server thread/INFO]: [STDERR]: 	at java.base/sun.nio.fs.WindowsException.translateToIOException(WindowsException.java:85)
[03:44:24] [Server thread/INFO]: [STDERR]: 	at java.base/sun.nio.fs.WindowsException.rethrowAsIOException(WindowsException.java:103)
[03:44:24] [Server thread/INFO]: [STDERR]: 	at java.base/sun.nio.fs.WindowsException.rethrowAsIOException(WindowsException.java:108)
[03:44:24] [Server thread/INFO]: [STDERR]: 	at java.base/sun.nio.fs.WindowsFileCopy.copy(WindowsFileCopy.java:99)
[03:44:24] [Server thread/INFO]: [STDERR]: 	at java.base/sun.nio.fs.WindowsFileSystemProvider.copy(WindowsFileSystemProvider.java:284)
[03:44:24] [Server thread/INFO]: [STDERR]: 	at java.base/java.nio.file.Files.copy(Files.java:1305)
[03:44:24] [Server thread/INFO]: [STDERR]: 	at knot//dev.ftb.mods.ftblibrary.snbt.config.SNBTConfig.load(SNBTConfig.java:143)
[03:44:24] [Server thread/INFO]: [STDERR]: 	at knot//dev.ftb.mods.ftblibrary.snbt.config.ConfigUtil.loadDefaulted(ConfigUtil.java:37)
[03:44:24] [Server thread/INFO]: [STDERR]: 	at knot//dev.ftb.mods.ftblibrary.snbt.config.ConfigUtil.loadDefaulted(ConfigUtil.java:21)
[03:44:24] [Server thread/INFO]: [STDERR]: 	at knot//dev.ftb.mods.ftbchunks.FTBChunks.serverBeforeStart(FTBChunks.java:166)
[03:44:24] [Server thread/INFO]: [STDERR]: 	at java.base/java.lang.invoke.MethodHandle.invokeWithArguments(MethodHandle.java:732)
[03:44:24] [Server thread/INFO]: [STDERR]: 	at knot//dev.architectury.event.EventFactory.invokeMethod(EventFactory.java:53)
[03:44:24] [Server thread/INFO]: [STDERR]: 	at knot//dev.architectury.event.EventFactory$1.handleInvocation(EventFactory.java:62)
[03:44:24] [Server thread/INFO]: [STDERR]: 	at knot//com.google.common.reflect.AbstractInvocationHandler.invoke(AbstractInvocationHandler.java:89)
[03:44:24] [Server thread/INFO]: [STDERR]: 	at knot/jdk.proxy2/jdk.proxy2.$Proxy55.stateChanged(Unknown Source)
[03:44:24] [Server thread/INFO]: [STDERR]: 	at knot//dev.architectury.event.fabric.EventHandlerImpl.lambda$registerCommon$9(EventHandlerImpl.java:64)
[03:44:24] [Server thread/INFO]: [STDERR]: 	at knot//net.fabricmc.fabric.api.event.lifecycle.v1.ServerLifecycleEvents.lambda$static$0(ServerLifecycleEvents.java:38)
[03:44:24] [Server thread/INFO]: [STDERR]: 	at knot//net.minecraft.server.MinecraftServer.handler$zfb000$fabric-lifecycle-events-v1$beforeSetupServer(MinecraftServer.java:2807)
[03:44:24] [Server thread/INFO]: [STDERR]: 	at knot//net.minecraft.server.MinecraftServer.method_29741(MinecraftServer.java:670)
[03:44:24] [Server thread/INFO]: [STDERR]: 	at knot//net.minecraft.server.MinecraftServer.method_29739(MinecraftServer.java:273)
[03:44:24] [Server thread/INFO]: [STDERR]: 	at java.base/java.lang.Thread.run(Thread.java:840)
[03:44:24] [Server thread/INFO]: Starting minecraft server version 1.18.2
[03:44:24] [Server thread/INFO]: Loading properties
[03:44:24] [Server thread/INFO]: Default game type: SURVIVAL
[03:44:24] [Server thread/INFO]: Generating keypair
[03:44:24] [Server thread/INFO]: Starting Minecraft server on 127.0.0.1:25585
[03:44:24] [Server thread/INFO]: Using default channel type
[03:44:24] [Server thread/WARN]: **** SERVER IS RUNNING IN OFFLINE/INSECURE MODE!
[03:44:24] [Server thread/WARN]: The server will make no attempt to authenticate usernames. Beware.
[03:44:24] [Server thread/WARN]: While this makes the game possible to play without internet access, it also opens up the ability for hackers to connect with any username they choose.
[03:44:24] [Server thread/WARN]: To change this, set "online-mode" to "true" in the server.properties file.
[03:44:25] [Server thread/INFO]: Preparing level "world"
[03:44:27] [Server thread/INFO]: Preparing start region for dimension minecraft:overworld
[03:44:27] [Worker-Main-30/INFO]: Preparing spawn area: 0%
[03:44:27] [Worker-Main-31/INFO]: Preparing spawn area: 0%
[03:44:28] [Worker-Main-25/INFO]: Preparing spawn area: 0%
[03:44:28] [Worker-Main-30/INFO]: Preparing spawn area: 0%
[03:44:29] [Worker-Main-47/INFO]: Preparing spawn area: 3%
[03:44:29] [Worker-Main-41/INFO]: Preparing spawn area: 5%
[03:44:30] [Worker-Main-36/INFO]: Preparing spawn area: 8%
[03:44:30] [Worker-Main-28/INFO]: Preparing spawn area: 12%
[03:44:31] [Worker-Main-25/INFO]: Preparing spawn area: 16%
[03:44:31] [Worker-Main-29/INFO]: Preparing spawn area: 21%
[03:44:32] [Worker-Main-36/INFO]: Preparing spawn area: 25%
[03:44:32] [Worker-Main-47/INFO]: Preparing spawn area: 31%
[03:44:33] [Worker-Main-38/INFO]: Preparing spawn area: 35%
[03:44:33] [Worker-Main-33/INFO]: Preparing spawn area: 43%
[03:44:34] [Worker-Main-33/INFO]: Preparing spawn area: 50%
[03:44:34] [Worker-Main-25/INFO]: Preparing spawn area: 56%
[03:44:35] [Worker-Main-30/INFO]: Preparing spawn area: 58%
[03:44:35] [Worker-Main-30/INFO]: Preparing spawn area: 62%
[03:44:36] [Worker-Main-47/INFO]: Preparing spawn area: 71%
[03:44:36] [Worker-Main-37/INFO]: Preparing spawn area: 77%
[03:44:37] [Worker-Main-27/INFO]: Preparing spawn area: 84%
[03:44:37] [Worker-Main-47/INFO]: Preparing spawn area: 93%
[03:44:38] [Server thread/INFO]: Time elapsed: 10916 ms
[03:44:38] [Server thread/INFO]: Done (13.156s)! For help, type "help"
[03:44:38] [Server thread/INFO]: Loaded 3 ranks
[03:44:38] [Server thread/INFO]: [STDOUT]: [CuboidPlots] Ready: parent=ftbchunks, limits=config
[03:44:39] [Server thread/INFO]: [STDOUT]: [CuboidPlots test] PASS two ordinary non-operator identities
[03:44:41] [Server thread/INFO]: [STDOUT]: [CuboidPlots test] PASS parent baseline denies untrusted player without action scope
[03:44:41] [Server thread/INFO]: [STDOUT]: [CuboidPlots test] PASS cuboid exception overrides real parent denial
[03:44:41] [Server thread/INFO]: [STDOUT]: [CuboidPlots test] PASS standing inside does not grant target outside
[03:44:41] [Server thread/INFO]: [STDOUT]: [CuboidPlots test] PASS standing outside can act on authorized target
[03:44:41] [Server thread/INFO]: [STDOUT]: [CuboidPlots test] PASS actual game mode destroys authorized block
[03:44:41] [Server thread/INFO]: [STDOUT]: [CuboidPlots test] PASS actual game mode leaves denied outside block intact
[03:44:41] [Server thread/INFO]: [STDOUT]: [CuboidPlots test] PASS revocation restores real parent denial
[03:44:42] [Server thread/INFO]: [STDOUT]: [CuboidPlots test] PASS two same-chunk, stacked, and four-chunk cuboids coexist
[03:44:42] [Server thread/INFO]: [STDOUT]: [CuboidPlots test] PASS actual placement allowed independently of breaking
[03:44:42] [Server thread/INFO]: [STDOUT]: [CuboidPlots test] PASS place grant does not permit actual breaking
[03:44:42] [Server thread/INFO]: [STDOUT]: [CuboidPlots test] PASS break grant does not permit actual placement
[03:44:42] [Server thread/INFO]: [STDOUT]: [CuboidPlots test] PASS bed second block beyond boundary refuses exception
[03:44:42] [Server thread/INFO]: [STDOUT]: [CuboidPlots test] PASS container-only grant opens actual chest in vertically separate cuboid
[03:44:42] [Server thread/INFO]: [STDOUT]: [CuboidPlots test] PASS other player cannot open same chest
[03:44:43] [Server thread/INFO]: [STDOUT]: [CuboidPlots test] PASS parent denies ungranted door use
[03:44:43] [Server thread/INFO]: [STDOUT]: [CuboidPlots test] PASS door-only grant opens actual two-block door
[03:44:43] [Server thread/INFO]: [STDOUT]: [CuboidPlots test] PASS door grant does not permit switch use
[03:44:43] [Server thread/INFO]: [STDOUT]: [CuboidPlots test] PASS switch-only exception powers actual isolated lever
[03:44:43] [Server thread/INFO]: [STDOUT]: [CuboidPlots test] PASS switch grant does not permit other block interactions
[03:44:44] [Server thread/INFO]: [STDOUT]: [CuboidPlots test] PASS other-block exception changes actual note block
[03:44:44] [Server thread/INFO]: [STDOUT]: [CuboidPlots test] PASS other-block grant does not permit item-on-block use
[03:44:44] [Server thread/INFO]: [STDOUT]: [CuboidPlots test] PASS item-on-block exception carves actual pumpkin
[03:44:44] [Server thread/INFO]: [STDOUT]: [CuboidPlots test] PASS parent denies ungranted entity interaction
[03:44:44] [Server thread/INFO]: [STDOUT]: [CuboidPlots test] PASS entity interaction traverses parent protection with bounded target
[03:44:44] [Server thread/INFO]: [STDOUT]: [CuboidPlots test] PASS entity interaction grant does not permit damage
[03:44:45] [Server thread/INFO]: [STDOUT]: [CuboidPlots test] PASS entity damage traverses parent protection independently
[03:44:45] [Server thread/INFO]: [STDOUT]: [CuboidPlots test] PASS item-in-air scope has no implicit region grant
[03:44:45] [Server thread/INFO]: [STDOUT]: [CuboidPlots test] PASS explicit item-in-air grant uses eye position for bounded food use
[03:44:45] [Server thread/INFO]: [STDOUT]: [CuboidPlots test] PASS unbounded bucket effects receive no region exception
[03:44:45] [Server thread/INFO]: [STDOUT]: [CuboidPlots test] PASS surveyor is a marked vanilla stick
[03:44:45] [Server thread/INFO]: [STDOUT]: [CuboidPlots test] PASS stick clicks set inclusive corners and invoke particle preview
[03:44:45] [Server thread/INFO]: [STDOUT]: [CuboidPlots test] PASS selection leaves target blocks intact
[03:44:45] [Server thread/INFO]: [STDOUT]: [CuboidPlots test] PASS server opens vanilla 54-slot chest menu plus player inventory
[03:44:45] [Server thread/INFO]: [STDOUT]: [CuboidPlots test] PASS menu shift-click cannot take decorative items
[03:44:46] [Server thread/INFO]: Saving chunks for level 'ServerLevel[world]'/minecraft:overworld
[03:44:48] [Server thread/INFO]: Saving chunks for level 'ServerLevel[world]'/minecraft:the_end
[03:44:48] [Server thread/INFO]: Saving chunks for level 'ServerLevel[world]'/minecraft:the_nether
[03:44:49] [Server thread/INFO]: ThreadedAnvilChunkStorage (world): All chunks are saved
[03:44:49] [Server thread/INFO]: ThreadedAnvilChunkStorage (DIM1): All chunks are saved
[03:44:49] [Server thread/INFO]: ThreadedAnvilChunkStorage (DIM-1): All chunks are saved
[03:44:49] [Server thread/INFO]: ThreadedAnvilChunkStorage: All dimensions are saved
[03:44:50] [Server thread/INFO]: [STDOUT]: [CuboidPlots] Reserved 0 return boxes for 00000000-0000-0001-0000-000000000001
[03:44:50] [Server thread/INFO]: [STDOUT]: [CuboidPlots test] PASS owner places tracked recovery chest through game mode
[03:44:51] [Server thread/INFO]: Saving chunks for level 'ServerLevel[world]'/minecraft:overworld
[03:44:51] [Server thread/INFO]: Saving chunks for level 'ServerLevel[world]'/minecraft:the_end
[03:44:51] [Server thread/INFO]: Saving chunks for level 'ServerLevel[world]'/minecraft:the_nether
[03:44:51] [Server thread/INFO]: ThreadedAnvilChunkStorage (world): All chunks are saved
[03:44:51] [Server thread/INFO]: ThreadedAnvilChunkStorage (DIM1): All chunks are saved
[03:44:51] [Server thread/INFO]: ThreadedAnvilChunkStorage (DIM-1): All chunks are saved
[03:44:51] [Server thread/INFO]: ThreadedAnvilChunkStorage: All dimensions are saved
[03:44:52] [Server thread/INFO]: [STDOUT]: [CuboidPlots] Reserved 2 return boxes for 00000000-0000-0001-0000-000000000002
[03:44:52] [Server thread/INFO]: [STDOUT]: [CuboidPlots test] PASS deletion removes tracked placed block
[03:44:52] [Server thread/INFO]: [STDOUT]: [CuboidPlots test] PASS deletion preserves untracked preexisting terrain
[03:44:52] [Server thread/INFO]: [STDOUT]: [CuboidPlots test] PASS inventory contents, block loot and dropped items packed across multiple boxes
[03:44:52] [Server thread/INFO]: [STDOUT]: [CuboidPlots test] PASS returns reserved for assigned owner, not parent owner
[03:44:53] [Server thread/INFO]: [STDOUT]: [CuboidPlots test] PASS actual End parent claim has independent UUID permissions at identical coordinates
[03:44:53] [Server thread/INFO]: [STDOUT]: [CuboidPlots test] PASS End cuboid grant does not depend on overworld coordinates
[03:44:53] [Server thread/INFO]: [STDOUT]: [CuboidPlots test] PASS actual break allowed in covered chunk 1,0
[03:44:53] [Server thread/INFO]: [STDOUT]: [CuboidPlots test] PASS actual break allowed in covered chunk 1,1
[03:44:53] [Server thread/INFO]: [STDOUT]: [CuboidPlots test] PASS actual break allowed in covered chunk 2,0
[03:44:53] [Server thread/INFO]: [STDOUT]: [CuboidPlots test] PASS actual break allowed in covered chunk 2,1
[03:44:53] [Server thread/INFO]: [STDOUT]: [CuboidPlots test] PASS actual parent exception works at a negative chunk boundary
[03:44:54] [Server thread/INFO]: Saving chunks for level 'ServerLevel[world]'/minecraft:overworld
[03:44:54] [Server thread/INFO]: Saving chunks for level 'ServerLevel[world]'/minecraft:the_end
[03:44:54] [Server thread/INFO]: Saving chunks for level 'ServerLevel[world]'/minecraft:the_nether
[03:44:54] [Server thread/INFO]: ThreadedAnvilChunkStorage (world): All chunks are saved
[03:44:54] [Server thread/INFO]: ThreadedAnvilChunkStorage (DIM1): All chunks are saved
[03:44:54] [Server thread/INFO]: ThreadedAnvilChunkStorage (DIM-1): All chunks are saved
[03:44:54] [Server thread/INFO]: ThreadedAnvilChunkStorage: All dimensions are saved
[03:44:55] [Server thread/INFO]: [STDOUT]: [CuboidPlots] Reserved 0 return boxes for 00000000-0000-0001-0000-000000000001
[03:44:55] [Server thread/INFO]: Saving chunks for level 'ServerLevel[world]'/minecraft:overworld
[03:44:56] [Server thread/INFO]: Saving chunks for level 'ServerLevel[world]'/minecraft:the_end
[03:44:56] [Server thread/INFO]: Saving chunks for level 'ServerLevel[world]'/minecraft:the_nether
[03:44:56] [Server thread/INFO]: ThreadedAnvilChunkStorage (world): All chunks are saved
[03:44:56] [Server thread/INFO]: ThreadedAnvilChunkStorage (DIM1): All chunks are saved
[03:44:56] [Server thread/INFO]: ThreadedAnvilChunkStorage (DIM-1): All chunks are saved
[03:44:56] [Server thread/INFO]: ThreadedAnvilChunkStorage: All dimensions are saved
[03:44:56] [Server thread/INFO]: [STDOUT]: [CuboidPlots] Reserved 1 return boxes for 00000000-0000-0001-0000-000000000002
[03:44:57] [Server thread/INFO]: Transferred 1/1 chunks from CuboidOwner#00000000 to CuboidBob#00000000
[03:44:57] [Server thread/INFO]: [STDOUT]: [CuboidPlots test] PASS direct parent ownership transfer suspends region
[03:44:57] [Server thread/INFO]: [STDOUT]: [CuboidPlots test] PASS parent ownership transfer reserves old assigned owner's items
[03:44:57] [Server thread/INFO]: Saving chunks for level 'ServerLevel[world]'/minecraft:overworld
[03:44:58] [Server thread/INFO]: Saving chunks for level 'ServerLevel[world]'/minecraft:the_end
[03:44:58] [Server thread/INFO]: Saving chunks for level 'ServerLevel[world]'/minecraft:the_nether
[03:44:58] [Server thread/INFO]: ThreadedAnvilChunkStorage (world): All chunks are saved
[03:44:58] [Server thread/INFO]: ThreadedAnvilChunkStorage (DIM1): All chunks are saved
[03:44:58] [Server thread/INFO]: ThreadedAnvilChunkStorage (DIM-1): All chunks are saved
[03:44:58] [Server thread/INFO]: ThreadedAnvilChunkStorage: All dimensions are saved
[03:44:59] [Server thread/INFO]: [STDOUT]: [CuboidPlots] Reserved 0 return boxes for 00000000-0000-0001-0000-000000000001
[03:44:59] [Server thread/INFO]: [STDOUT]: [CuboidPlots test] PASS real parent unclaim suspends stale cuboid grants
[03:44:59] [Server thread/INFO]: [STDOUT]: [CuboidPlots test] Test run finished, stopping server
[03:44:59] [Server thread/INFO]: Stopping server
[03:44:59] [Server thread/INFO]: Saving players
[03:44:59] [Server thread/INFO]: Saving worlds
[03:45:00] [Server thread/INFO]: Saving chunks for level 'ServerLevel[world]'/minecraft:overworld
[03:45:00] [Server thread/INFO]: Saving chunks for level 'ServerLevel[world]'/minecraft:the_end
[03:45:00] [Server thread/INFO]: Saving chunks for level 'ServerLevel[world]'/minecraft:the_nether
[03:45:01] [Server thread/INFO]: ThreadedAnvilChunkStorage (world): All chunks are saved
[03:45:01] [Server thread/INFO]: ThreadedAnvilChunkStorage (DIM1): All chunks are saved
[03:45:01] [Server thread/INFO]: ThreadedAnvilChunkStorage (DIM-1): All chunks are saved
[03:45:01] [Server thread/INFO]: ThreadedAnvilChunkStorage: All dimensions are saved
[03:45:01] [Server thread/INFO]: Shutting down map thread
