Starting net.fabricmc.loader.impl.game.minecraft.BundlerClassPathCapture
[03:59:35] [main/INFO]: Loading Minecraft 1.18.2 with Fabric Loader 0.16.14
[03:59:35] [main/INFO]: Loading 48 mods:
	- architectury 4.12.94
	- cloth-config 6.5.116
	   \-- cloth-basic-math 0.6.1
	- cuboidplots 0.1.0
	   |-- dev_cuboidplots_core 0.1.0
	   \-- mixinextras 0.4.1
	- fabric-api 0.77.0+1.18.2
	   |-- fabric-api-base 0.4.5+64b7c69360
	   |-- fabric-api-lookup-api-v1 1.6.3+2373a54560
	   |-- fabric-biome-api-v1 8.0.7+e83becad60
	   |-- fabric-block-api-v1 1.0.0+ee3621fc60
	   |-- fabric-blockrenderlayer-v1 1.1.13+3ac43d9560
	   |-- fabric-command-api-v1 1.1.10+d7c144a860
	   |-- fabric-commands-v0 0.2.9+b4f4f6cd60
	   |-- fabric-containers-v0 0.1.24+d7c144a860
	   |-- fabric-content-registries-v0 3.1.3+c85f2e3860
	   |-- fabric-convention-tags-v1 1.1.0+43ce63a460
	   |-- fabric-crash-report-info-v1 0.2.1+ee261a3e60
	   |-- fabric-data-generation-api-v1 3.1.0+6c70b68e60
	   |-- fabric-dimensions-v1 2.1.21+489d6f8260
	   |-- fabric-entity-events-v1 1.4.9+d7c144a860
	   |-- fabric-events-interaction-v0 0.4.20+d7c144a860
	   |-- fabric-events-lifecycle-v0 0.2.22+d7c144a860
	   |-- fabric-game-rule-api-v1 1.0.13+d7c144a860
	   |-- fabric-item-api-v1 1.6.2+8165403660
	   |-- fabric-item-groups-v0 0.3.16+91896a4960
	   |-- fabric-key-binding-api-v1 1.0.12+54e5b2ec60
	   |-- fabric-keybindings-v0 0.2.10+b4f4f6cd60
	   |-- fabric-lifecycle-events-v1 2.1.1+cc71601c60
	   |-- fabric-loot-api-v2 1.1.2+1997ad1260
	   |-- fabric-loot-tables-v1 1.1.4+e747827960
	   |-- fabric-mining-level-api-v1 2.1.6+cc71601c60
	   |-- fabric-models-v0 0.3.7+d7c144a860
	   |-- fabric-networking-api-v1 1.0.24+2d30af4b60
	   |-- fabric-networking-v0 0.3.11+b4f4f6cd60
	   |-- fabric-object-builder-api-v1 2.1.5+032c981d60
	   |-- fabric-particles-v1 0.2.13+526dc1ac60
	   |-- fabric-registry-sync-v0 0.9.12+bb2e047760
	   |-- fabric-renderer-api-v1 0.5.0+bf48649860
	   |-- fabric-renderer-indigo 0.6.1+03e2b68760
	   |-- fabric-renderer-registries-v1 3.2.13+b4f4f6cd60
	   |-- fabric-rendering-data-attachment-v1 0.3.9+ee3621fc60
	   |-- fabric-rendering-fluids-v1 2.0.3+54e5b2ec60
	   |-- fabric-rendering-v0 1.1.15+b4f4f6cd60
	   |-- fabric-rendering-v1 1.11.0+b7f3cf3460
	   |-- fabric-resource-conditions-api-v1 2.0.3+91b7aa6660
	   |-- fabric-resource-loader-v0 0.5.3+047a5ecb60
	   |-- fabric-screen-api-v1 1.0.11+d882b91560
	   |-- fabric-screen-handler-api-v1 1.2.3+1f6558e860
	   |-- fabric-textures-v0 1.0.13+3ac43d9560
	   |-- fabric-transfer-api-v1 1.6.4+f4563ac860
	   \-- fabric-transitive-access-wideners-v1 1.1.0+e747827960
	- fabricloader 0.16.14
	   \-- mixinextras 0.4.1
	- ftbchunks 1802.3.19-build.362
	- ftblibrary 1802.3.12-build.726
	- ftbranks 1802.1.11-build.71
	- ftbteams 1802.2.11-build.152
	- java 17
	- minecraft 1.18.2
[03:59:35] [main/INFO]: SpongePowered MIXIN Subsystem Version=0.8.7 Source=file:/D:/Nextcloud/Projects/Web/CuboidPlots/.work/servers/1.18.2/fabric/ftb/libraries/net/fabricmc/sponge-mixin/0.15.5+mixin.0.8.7/sponge-mixin-0.15.5+mixin.0.8.7.jar Service=Knot/Fabric Env=SERVER
[03:59:44] [main/INFO]: Compatibility level set to JAVA_16
[03:59:44] [main/INFO]: Compatibility level set to JAVA_17
[03:59:46] [main/WARN]: Error loading class: net/minecraft/class_304 (java.lang.ClassNotFoundException: net/minecraft/class_304)
[03:59:46] [main/WARN]: @Mixin target net.minecraft.class_304 was not found ftblibrary-fabric.mixins.json:KeyMappingAccessor from mod ftblibrary
[03:59:46] [main/INFO]: Initializing MixinExtras via com.llamalad7.mixinextras.service.MixinExtrasServiceImpl(version=0.4.1).
[03:59:51] [main/WARN]: COM exception querying Win32_Processor, which might not be on your system. Will not attempt to query it again. Error was -2147217405: (HRESULT: 80041003)
[03:59:51] [main/WARN]: COM exception querying Win32_VideoController, which might not be on your system. Will not attempt to query it again. Error was -2147217405: (HRESULT: 80041003)
[03:59:51] [main/WARN]: COM exception querying Win32_PhysicalMemory, which might not be on your system. Will not attempt to query it again. Error was -2147217405: (HRESULT: 80041003)
[04:00:06] [main/INFO]: Registering C2S receiver with id ftbchunks:request_map_data
[04:00:06] [main/INFO]: Registering C2S receiver with id ftbchunks:request_chunk_change
[04:00:06] [main/INFO]: Registering C2S receiver with id ftbchunks:teleport_from_map
[04:00:06] [main/INFO]: Registering C2S receiver with id ftbchunks:sync_tx
[04:00:06] [main/INFO]: Registering C2S receiver with id ftbchunks:update_force_load_expiry
[04:00:06] [main/INFO]: Registering C2S receiver with id ftbchunks:server_config_request
[04:00:06] [main/INFO]: Registering C2S receiver with id ftblibrary:edit_nbt_response
[04:00:06] [main/INFO]: Registering C2S receiver with id ftbteams:open_gui
[04:00:06] [main/INFO]: Registering C2S receiver with id ftbteams:update_settings
[04:00:06] [main/INFO]: Registering C2S receiver with id ftbteams:send_message
[04:00:06] [main/INFO]: Registering C2S receiver with id ftbteams:create_party
[04:00:06] [main/INFO]: Registering C2S receiver with id ftbteams:player_gui_operation
[04:00:07] [main/INFO]: Environment: authHost='https://authserver.mojang.com', accountsHost='https://api.mojang.com', sessionHost='https://sessionserver.mojang.com', servicesHost='https://api.minecraftservices.com', name='PROD'
[04:00:12] [main/WARN]: Ambiguity between arguments [teleport, location] and [teleport, destination] with inputs: [0.1 -0.5 .9, 0 0 0]
[04:00:12] [main/WARN]: Ambiguity between arguments [teleport, location] and [teleport, targets] with inputs: [0.1 -0.5 .9, 0 0 0]
[04:00:12] [main/WARN]: Ambiguity between arguments [teleport, destination] and [teleport, targets] with inputs: [Player, 0123, @e, dd12be42-52a9-4a91-a8a1-11c01849e498]
[04:00:12] [main/WARN]: Ambiguity between arguments [teleport, targets] and [teleport, destination] with inputs: [Player, 0123, dd12be42-52a9-4a91-a8a1-11c01849e498]
[04:00:12] [main/WARN]: Ambiguity between arguments [teleport, targets, location] and [teleport, targets, destination] with inputs: [0.1 -0.5 .9, 0 0 0]
[04:00:12] [main/WARN]: Ambiguity between arguments [ftbchunks, admin, view_loaded_chunks, reset] and [ftbchunks, admin, view_loaded_chunks, dimension] with inputs: [reset]
[04:00:12] [main/WARN]: Ambiguity between arguments [ftbteams, info, server_id] and [ftbteams, info, team] with inputs: [server_id]
[04:00:12] [main/INFO]: Loading command nodes...
[04:00:12] [main/INFO]: Loaded 1427 command nodes
[04:00:16] [Worker-Main-34/INFO]: Loaded 7 recipes
[04:00:18] [Worker-Main-34/INFO]: Loaded 1141 advancements
[04:00:20] [main/INFO]: Applied 0 biome modifications to 0 of 61 new biomes in 2.276 ms
[04:00:21] [Server thread/INFO]: loaded team data: 5 known players, 5 teams total
[04:00:21] [Server thread/INFO]: Starting minecraft server version 1.18.2
[04:00:21] [Server thread/INFO]: Loading properties
[04:00:21] [Server thread/INFO]: Default game type: SURVIVAL
[04:00:21] [Server thread/INFO]: Generating keypair
[04:00:21] [Server thread/INFO]: Starting Minecraft server on 127.0.0.1:25585
[04:00:21] [Server thread/INFO]: Using default channel type
[04:00:21] [Server thread/WARN]: **** SERVER IS RUNNING IN OFFLINE/INSECURE MODE!
[04:00:21] [Server thread/WARN]: The server will make no attempt to authenticate usernames. Beware.
[04:00:21] [Server thread/WARN]: While this makes the game possible to play without internet access, it also opens up the ability for hackers to connect with any username they choose.
[04:00:21] [Server thread/WARN]: To change this, set "online-mode" to "true" in the server.properties file.
[04:00:21] [Server thread/INFO]: Preparing level "world"
[04:00:21] [Server thread/INFO]: Preparing start region for dimension minecraft:overworld
[04:00:22] [Worker-Main-25/INFO]: Preparing spawn area: 0%
[04:00:23] [Worker-Main-41/INFO]: Preparing spawn area: 0%
[04:00:23] [Worker-Main-42/INFO]: Preparing spawn area: 0%
[04:00:23] [Worker-Main-45/INFO]: Preparing spawn area: 0%
[04:00:23] [Worker-Main-25/INFO]: Preparing spawn area: 0%
[04:00:24] [Worker-Main-45/INFO]: Preparing spawn area: 0%
[04:00:24] [Worker-Main-30/INFO]: Preparing spawn area: 3%
[04:00:25] [Worker-Main-39/INFO]: Preparing spawn area: 18%
[04:00:25] [Worker-Main-30/INFO]: Preparing spawn area: 41%
[04:00:26] [Worker-Main-33/INFO]: Preparing spawn area: 85%
[04:00:27] [Worker-Main-25/INFO]: Preparing spawn area: 88%
[04:00:27] [Server thread/INFO]: Time elapsed: 5248 ms
[04:00:27] [Server thread/INFO]: Done (5.465s)! For help, type "help"
[04:00:27] [Server thread/INFO]: Loaded 3 ranks
[04:00:27] [Server thread/INFO]: [STDOUT]: [CuboidPlots] Ready: parent=ftbchunks, limits=ftbranks
[04:00:30] [Server thread/INFO]: CuboidRanks[/127.0.0.1:62697] logged in with entity id 165 at (-6.5, 99.0, 9.5)
[04:00:30] [Server thread/INFO]: CuboidRanks joined the game
[04:00:30] [Server thread/INFO]: Teleported CuboidRanks to -158.500000, 120.000000, -158.500000
[04:00:32] [Server thread/INFO]: CuboidRanks claimed 1 chunks around [minecraft:overworld:-10:-10]for team CuboidRanks
[04:00:34] [Server thread/INFO]: Loaded 1 ranks
[04:00:34] [Server thread/INFO]: Ranks reloaded from disk!
[04:00:41] [Server thread/INFO]: Loaded 1 ranks
[04:00:41] [Server thread/INFO]: Ranks reloaded from disk!
[04:00:45] [Server thread/INFO]: Loaded 1 ranks
[04:00:45] [Server thread/INFO]: Ranks reloaded from disk!
[04:00:52] [Server thread/INFO]: Loaded 1 ranks
[04:00:52] [Server thread/INFO]: Ranks reloaded from disk!
[04:01:03] [Server thread/INFO]: Saving chunks for level 'ServerLevel[world]'/minecraft:overworld
[04:01:04] [Server thread/INFO]: Saving chunks for level 'ServerLevel[world]'/minecraft:the_nether
[04:01:04] [Server thread/INFO]: Saving chunks for level 'ServerLevel[world]'/minecraft:the_end
[04:01:04] [Server thread/INFO]: ThreadedAnvilChunkStorage (world): All chunks are saved
[04:01:04] [Server thread/INFO]: ThreadedAnvilChunkStorage (DIM-1): All chunks are saved
[04:01:04] [Server thread/INFO]: ThreadedAnvilChunkStorage (DIM1): All chunks are saved
[04:01:04] [Server thread/INFO]: ThreadedAnvilChunkStorage: All dimensions are saved
[04:01:04] [Server thread/INFO]: [STDOUT]: [CuboidPlots] Reserved 0 return boxes for 230a7cc4-2708-3e2d-abc6-c04c7a5453f3
[04:01:04] [Server thread/INFO]: Loaded 1 ranks
[04:01:04] [Server thread/INFO]: Ranks reloaded from disk!
[04:01:06] [Server thread/INFO]: Loaded 1 ranks
[04:01:06] [Server thread/INFO]: Ranks reloaded from disk!
[04:01:08] [Server thread/INFO]: Loaded 1 ranks
[04:01:08] [Server thread/INFO]: Ranks reloaded from disk!
[04:01:10] [Server thread/INFO]: Loaded 2 ranks
[04:01:10] [Server thread/INFO]: Ranks reloaded from disk!
[04:01:11] [Server thread/INFO]: Player CuboidRanks added to rank 'VIP'!
[04:01:13] [Server thread/INFO]: Player CuboidRanks removed from rank 'VIP'!
[04:01:15] [Server thread/INFO]: Loaded 1 ranks
[04:01:15] [Server thread/INFO]: Ranks reloaded from disk!
[04:01:19] [Server thread/INFO]: CuboidRanks lost connection: Disconnected
[04:01:19] [Server thread/INFO]: CuboidRanks left the game
[04:01:20] [Server thread/INFO]: Stopping the server
[04:01:20] [Server thread/INFO]: Stopping server
[04:01:20] [Server thread/INFO]: Saving players
[04:01:20] [Server thread/INFO]: Saving worlds
[04:01:20] [Server thread/INFO]: Saving chunks for level 'ServerLevel[world]'/minecraft:overworld
[04:01:21] [Server thread/INFO]: Saving chunks for level 'ServerLevel[world]'/minecraft:the_nether
[04:01:21] [Server thread/INFO]: Saving chunks for level 'ServerLevel[world]'/minecraft:the_end
[04:01:21] [Server thread/INFO]: ThreadedAnvilChunkStorage (world): All chunks are saved
[04:01:21] [Server thread/INFO]: ThreadedAnvilChunkStorage (DIM-1): All chunks are saved
[04:01:21] [Server thread/INFO]: ThreadedAnvilChunkStorage (DIM1): All chunks are saved
[04:01:21] [Server thread/INFO]: ThreadedAnvilChunkStorage: All dimensions are saved
[04:01:21] [Server thread/INFO]: Shutting down map thread
