Downloading Minecraft server
Installing Fabric Loader 0.16.14(1.18.2) on the server
Downloading required files
Downloading library org.ow2.asm:asm:9.8
Downloading library org.ow2.asm:asm-analysis:9.8
Downloading library org.ow2.asm:asm-commons:9.8
Downloading library org.ow2.asm:asm-tree:9.8
Downloading library org.ow2.asm:asm-util:9.8
Downloading library net.fabricmc:sponge-mixin:0.15.5+mixin.0.8.7
Downloading library net.fabricmc:intermediary:1.18.2
Downloading library net.fabricmc:fabric-loader:0.16.14
Generating server launch JAR
Unpacking 1.18.2/server-1.18.2.jar (versions:1.18.2) to versions\1.18.2\server-1.18.2.jar
Unpacking com/github/oshi/oshi-core/5.8.5/oshi-core-5.8.5.jar (libraries:com.github.oshi:oshi-core:5.8.5) to libraries\com\github\oshi\oshi-core\5.8.5\oshi-core-5.8.5.jar
Unpacking com/google/code/gson/gson/2.8.9/gson-2.8.9.jar (libraries:com.google.code.gson:gson:2.8.9) to libraries\com\google\code\gson\gson\2.8.9\gson-2.8.9.jar
Unpacking com/google/guava/failureaccess/1.0.1/failureaccess-1.0.1.jar (libraries:com.google.guava:failureaccess:1.0.1) to libraries\com\google\guava\failureaccess\1.0.1\failureaccess-1.0.1.jar
Unpacking com/google/guava/guava/31.0.1-jre/guava-31.0.1-jre.jar (libraries:com.google.guava:guava:31.0.1-jre) to libraries\com\google\guava\guava\31.0.1-jre\guava-31.0.1-jre.jar
Unpacking com/mojang/authlib/3.3.39/authlib-3.3.39.jar (libraries:com.mojang:authlib:3.3.39) to libraries\com\mojang\authlib\3.3.39\authlib-3.3.39.jar
Unpacking com/mojang/brigadier/1.0.18/brigadier-1.0.18.jar (libraries:com.mojang:brigadier:1.0.18) to libraries\com\mojang\brigadier\1.0.18\brigadier-1.0.18.jar
Unpacking com/mojang/datafixerupper/4.1.27/datafixerupper-4.1.27.jar (libraries:com.mojang:datafixerupper:4.1.27) to libraries\com\mojang\datafixerupper\4.1.27\datafixerupper-4.1.27.jar
Unpacking com/mojang/javabridge/1.2.24/javabridge-1.2.24.jar (libraries:com.mojang:javabridge:1.2.24) to libraries\com\mojang\javabridge\1.2.24\javabridge-1.2.24.jar
Unpacking com/mojang/logging/1.0.0/logging-1.0.0.jar (libraries:com.mojang:logging:1.0.0) to libraries\com\mojang\logging\1.0.0\logging-1.0.0.jar
Unpacking commons-io/commons-io/2.11.0/commons-io-2.11.0.jar (libraries:commons-io:commons-io:2.11.0) to libraries\commons-io\commons-io\2.11.0\commons-io-2.11.0.jar
Unpacking io/netty/netty-all/4.1.68.Final/netty-all-4.1.68.Final.jar (libraries:io.netty:netty-all:4.1.68.Final) to libraries\io\netty\netty-all\4.1.68.Final\netty-all-4.1.68.Final.jar
Unpacking it/unimi/dsi/fastutil/8.5.6/fastutil-8.5.6.jar (libraries:it.unimi.dsi:fastutil:8.5.6) to libraries\it\unimi\dsi\fastutil\8.5.6\fastutil-8.5.6.jar
Unpacking net/java/dev/jna/jna/5.10.0/jna-5.10.0.jar (libraries:net.java.dev.jna:jna:5.10.0) to libraries\net\java\dev\jna\jna\5.10.0\jna-5.10.0.jar
Unpacking net/java/dev/jna/jna-platform/5.10.0/jna-platform-5.10.0.jar (libraries:net.java.dev.jna:jna-platform:5.10.0) to libraries\net\java\dev\jna\jna-platform\5.10.0\jna-platform-5.10.0.jar
Unpacking net/sf/jopt-simple/jopt-simple/5.0.4/jopt-simple-5.0.4.jar (libraries:net.sf.jopt-simple:jopt-simple:5.0.4) to libraries\net\sf\jopt-simple\jopt-simple\5.0.4\jopt-simple-5.0.4.jar
Unpacking org/apache/commons/commons-lang3/3.12.0/commons-lang3-3.12.0.jar (libraries:org.apache.commons:commons-lang3:3.12.0) to libraries\org\apache\commons\commons-lang3\3.12.0\commons-lang3-3.12.0.jar
Unpacking org/apache/logging/log4j/log4j-api/2.17.0/log4j-api-2.17.0.jar (libraries:org.apache.logging.log4j:log4j-api:2.17.0) to libraries\org\apache\logging\log4j\log4j-api\2.17.0\log4j-api-2.17.0.jar
Unpacking org/apache/logging/log4j/log4j-core/2.17.0/log4j-core-2.17.0.jar (libraries:org.apache.logging.log4j:log4j-core:2.17.0) to libraries\org\apache\logging\log4j\log4j-core\2.17.0\log4j-core-2.17.0.jar
Unpacking org/apache/logging/log4j/log4j-slf4j18-impl/2.17.0/log4j-slf4j18-impl-2.17.0.jar (libraries:org.apache.logging.log4j:log4j-slf4j18-impl:2.17.0) to libraries\org\apache\logging\log4j\log4j-slf4j18-impl\2.17.0\log4j-slf4j18-impl-2.17.0.jar
Unpacking org/slf4j/slf4j-api/1.8.0-beta4/slf4j-api-1.8.0-beta4.jar (libraries:org.slf4j:slf4j-api:1.8.0-beta4) to libraries\org\slf4j\slf4j-api\1.8.0-beta4\slf4j-api-1.8.0-beta4.jar
Starting net.fabricmc.loader.impl.game.minecraft.BundlerClassPathCapture
[03:43:53] [main/INFO]: Loading Minecraft 1.18.2 with Fabric Loader 0.16.14
[03:43:53] [main/INFO]: Fabric is preparing JARs on first launch, this may take a few seconds...
[03:43:53] [main/INFO]: Loading 48 mods:
	- architectury 4.12.94
	- cloth-config 6.5.116
	   \-- cloth-basic-math 0.6.1
	- cuboidplots 0.1.0
	   |-- dev_cuboidplots_core 0.1.0
	   \-- mixinextras 0.4.1
	- fabric-api 0.77.0+1.18.2
	   |-- fabric-api-base 0.4.5+64b7c69360
	   |-- fabric-api-lookup-api-v1 1.6.3+2373a54560
	   |-- fabric-biome-api-v1 8.0.7+e83becad60
	   |-- fabric-block-api-v1 1.0.0+ee3621fc60
	   |-- fabric-blockrenderlayer-v1 1.1.13+3ac43d9560
	   |-- fabric-command-api-v1 1.1.10+d7c144a860
	   |-- fabric-commands-v0 0.2.9+b4f4f6cd60
	   |-- fabric-containers-v0 0.1.24+d7c144a860
	   |-- fabric-content-registries-v0 3.1.3+c85f2e3860
	   |-- fabric-convention-tags-v1 1.1.0+43ce63a460
	   |-- fabric-crash-report-info-v1 0.2.1+ee261a3e60
	   |-- fabric-data-generation-api-v1 3.1.0+6c70b68e60
	   |-- fabric-dimensions-v1 2.1.21+489d6f8260
	   |-- fabric-entity-events-v1 1.4.9+d7c144a860
	   |-- fabric-events-interaction-v0 0.4.20+d7c144a860
	   |-- fabric-events-lifecycle-v0 0.2.22+d7c144a860
	   |-- fabric-game-rule-api-v1 1.0.13+d7c144a860
	   |-- fabric-item-api-v1 1.6.2+8165403660
	   |-- fabric-item-groups-v0 0.3.16+91896a4960
	   |-- fabric-key-binding-api-v1 1.0.12+54e5b2ec60
	   |-- fabric-keybindings-v0 0.2.10+b4f4f6cd60
	   |-- fabric-lifecycle-events-v1 2.1.1+cc71601c60
	   |-- fabric-loot-api-v2 1.1.2+1997ad1260
	   |-- fabric-loot-tables-v1 1.1.4+e747827960
	   |-- fabric-mining-level-api-v1 2.1.6+cc71601c60
	   |-- fabric-models-v0 0.3.7+d7c144a860
	   |-- fabric-networking-api-v1 1.0.24+2d30af4b60
	   |-- fabric-networking-v0 0.3.11+b4f4f6cd60
	   |-- fabric-object-builder-api-v1 2.1.5+032c981d60
	   |-- fabric-particles-v1 0.2.13+526dc1ac60
	   |-- fabric-registry-sync-v0 0.9.12+bb2e047760
	   |-- fabric-renderer-api-v1 0.5.0+bf48649860
	   |-- fabric-renderer-indigo 0.6.1+03e2b68760
	   |-- fabric-renderer-registries-v1 3.2.13+b4f4f6cd60
	   |-- fabric-rendering-data-attachment-v1 0.3.9+ee3621fc60
	   |-- fabric-rendering-fluids-v1 2.0.3+54e5b2ec60
	   |-- fabric-rendering-v0 1.1.15+b4f4f6cd60
	   |-- fabric-rendering-v1 1.11.0+b7f3cf3460
	   |-- fabric-resource-conditions-api-v1 2.0.3+91b7aa6660
	   |-- fabric-resource-loader-v0 0.5.3+047a5ecb60
	   |-- fabric-screen-api-v1 1.0.11+d882b91560
	   |-- fabric-screen-handler-api-v1 1.2.3+1f6558e860
	   |-- fabric-textures-v0 1.0.13+3ac43d9560
	   |-- fabric-transfer-api-v1 1.6.4+f4563ac860
	   \-- fabric-transitive-access-wideners-v1 1.1.0+e747827960
	- fabricloader 0.16.14
	   \-- mixinextras 0.4.1
	- forgeconfigapiport 3.2.4
	   |-- com_electronwill_night-config_core 3.6.5
	   \-- com_electronwill_night-config_toml 3.6.5
	- java 17
	- minecraft 1.18.2
	- openpartiesandclaims 0.30.3
[03:43:57] [main/INFO]: SpongePowered MIXIN Subsystem Version=0.8.7 Source=file:/D:/Nextcloud/Projects/Web/CuboidPlots/.work/servers/1.18.2/fabric/opac/libraries/net/fabricmc/sponge-mixin/0.15.5+mixin.0.8.7/sponge-mixin-0.15.5+mixin.0.8.7.jar Service=Knot/Fabric Env=SERVER
[03:43:59] [main/INFO]: Compatibility level set to JAVA_16
[03:43:59] [main/INFO]: Compatibility level set to JAVA_17
[03:43:59] [main/INFO]: Initializing MixinExtras via com.llamalad7.mixinextras.service.MixinExtrasServiceImpl(version=0.4.1).
[03:44:01] [main/WARN]: COM exception querying Win32_Processor, which might not be on your system. Will not attempt to query it again. Error was -2147217405: (HRESULT: 80041003)
[03:44:01] [main/WARN]: COM exception querying Win32_VideoController, which might not be on your system. Will not attempt to query it again. Error was -2147217405: (HRESULT: 80041003)
[03:44:01] [main/WARN]: COM exception querying Win32_PhysicalMemory, which might not be on your system. Will not attempt to query it again. Error was -2147217405: (HRESULT: 80041003)
[03:44:13] [main/INFO]: Loading Open Parties and Claims!
[03:44:15] [main/INFO]: Environment: authHost='https://authserver.mojang.com', accountsHost='https://api.mojang.com', sessionHost='https://sessionserver.mojang.com', servicesHost='https://api.minecraftservices.com', name='PROD'
[03:44:22] [main/WARN]: Ambiguity between arguments [teleport, location] and [teleport, destination] with inputs: [0.1 -0.5 .9, 0 0 0]
[03:44:22] [main/WARN]: Ambiguity between arguments [teleport, location] and [teleport, targets] with inputs: [0.1 -0.5 .9, 0 0 0]
[03:44:22] [main/WARN]: Ambiguity between arguments [teleport, destination] and [teleport, targets] with inputs: [Player, 0123, @e, dd12be42-52a9-4a91-a8a1-11c01849e498]
[03:44:22] [main/WARN]: Ambiguity between arguments [teleport, targets] and [teleport, destination] with inputs: [Player, 0123, dd12be42-52a9-4a91-a8a1-11c01849e498]
[03:44:22] [main/WARN]: Ambiguity between arguments [teleport, targets, location] and [teleport, targets, destination] with inputs: [0.1 -0.5 .9, 0 0 0]
[03:44:22] [main/WARN]: Ambiguity between arguments [oparties, about, player] and [oparties, about, profile] with inputs: [Player, 0123, dd12be42-52a9-4a91-a8a1-11c01849e498]
[03:44:22] [main/WARN]: Ambiguity between arguments [oparties, about, profile] and [oparties, about, player] with inputs: [Player, 0123]
[03:44:22] [main/WARN]: Ambiguity between arguments [oclaims, transfer, player] and [oclaims, transfer, profile] with inputs: [Player, 0123, dd12be42-52a9-4a91-a8a1-11c01849e498]
[03:44:22] [main/WARN]: Ambiguity between arguments [oclaims, transfer, profile] and [oclaims, transfer, player] with inputs: [Player, 0123]
[03:44:23] [Worker-Main-24/INFO]: Loaded 7 recipes
[03:44:23] [Worker-Main-24/INFO]: Loaded 1141 advancements
[03:44:24] [main/INFO]: Applied 0 biome modifications to 0 of 61 new biomes in 2.002 ms
[03:44:25] [Server thread/WARN]: Configuration file .\world\serverconfig\openpartiesandclaims-server.toml is not correct. Correcting
[03:44:25] [Server thread/WARN]: Incorrect key serverConfig was corrected from null to its default, SimpleCommentedConfig:{}. 
[03:44:25] [Server thread/WARN]: Incorrect key serverConfig.defaultLanguage was corrected from null to its default, en_us. 
[03:44:25] [Server thread/WARN]: Incorrect key serverConfig.autosaveInterval was corrected from null to its default, 10. 
[03:44:25] [Server thread/WARN]: Incorrect key serverConfig.playerSubConfigLimit was corrected from null to its default, 64. 
[03:44:25] [Server thread/WARN]: Incorrect key serverConfig.permissionSystem was corrected from null to its default, ftb_ranks. 
[03:44:25] [Server thread/WARN]: Incorrect key serverConfig.primaryPartySystem was corrected from null to its default, ftb_teams. 
[03:44:25] [Server thread/WARN]: Incorrect key serverConfig.maxPlayerGroups was corrected from null to its default, 16. 
[03:44:25] [Server thread/WARN]: Incorrect key serverConfig.playerGroupSpace was corrected from null to its default, 256. 
[03:44:25] [Server thread/WARN]: Incorrect key serverConfig.maxPlayerGroupsPermission was corrected from null to its default, xaero.pac_max_player_groups. 
[03:44:25] [Server thread/WARN]: Incorrect key serverConfig.playerGroupSpacePermission was corrected from null to its default, xaero.pac_player_group_space. 
[03:44:25] [Server thread/WARN]: Incorrect key serverConfig.parties was corrected from null to its default, SimpleCommentedConfig:{}. 
[03:44:25] [Server thread/WARN]: Incorrect key serverConfig.parties.enabled was corrected from null to its default, true. 
[03:44:25] [Server thread/WARN]: Incorrect key serverConfig.parties.maxPartyMembers was corrected from null to its default, 64. 
[03:44:25] [Server thread/WARN]: Incorrect key serverConfig.parties.maxPartyAllies was corrected from null to its default, 64. 
[03:44:25] [Server thread/WARN]: Incorrect key serverConfig.parties.maxPartyInvites was corrected from null to its default, 16. 
[03:44:25] [Server thread/WARN]: Incorrect key serverConfig.parties.partyExpirationTime was corrected from null to its default, 720. 
[03:44:25] [Server thread/WARN]: Incorrect key serverConfig.parties.partyExpirationCheckInterval was corrected from null to its default, 360. 
[03:44:25] [Server thread/WARN]: Incorrect key serverConfig.parties.partyChatLogging was corrected from null to its default, true. 
[03:44:25] [Server thread/WARN]: Incorrect key serverConfig.parties.adminModePermission was corrected from null to its default, xaero.pac_parties_admin_mode. 
[03:44:25] [Server thread/WARN]: Incorrect key serverConfig.parties.impersonationPermission was corrected from null to its default, xaero.pac_parties_impersonation. 
[03:44:25] [Server thread/WARN]: Incorrect key serverConfig.claims was corrected from null to its default, SimpleCommentedConfig:{}. 
[03:44:25] [Server thread/WARN]: Incorrect key serverConfig.claims.enabled was corrected from null to its default, true. 
[03:44:25] [Server thread/WARN]: Incorrect key serverConfig.claims.partyOwnedClaims was corrected from null to its default, false. 
[03:44:25] [Server thread/WARN]: Incorrect key serverConfig.claims.claimBonusPerPartyMember was corrected from null to its default, 100. 
[03:44:25] [Server thread/WARN]: Incorrect key serverConfig.claims.forceloadBonusPerPartyMember was corrected from null to its default, 2. 
[03:44:25] [Server thread/WARN]: Incorrect key serverConfig.claims.claimBonusForPartyOwner was corrected from null to its default, 0. 
[03:44:25] [Server thread/WARN]: Incorrect key serverConfig.claims.forceloadBonusForPartyOwner was corrected from null to its default, 0. 
[03:44:25] [Server thread/WARN]: Incorrect key serverConfig.claims.allowTouchingClaims was corrected from null to its default, true. 
[03:44:25] [Server thread/WARN]: Incorrect key serverConfig.claims.overLimitClaimAccessCooldown was corrected from null to its default, 5. 
[03:44:25] [Server thread/WARN]: Incorrect key serverConfig.claims.playerClaimsExpirationTime was corrected from null to its default, 8760. 
[03:44:25] [Server thread/WARN]: Incorrect key serverConfig.claims.playerClaimsExpirationCheckInterval was corrected from null to its default, 360. 
[03:44:25] [Server thread/WARN]: Incorrect key serverConfig.claims.playerClaimsConvertExpiredClaims was corrected from null to its default, true. 
[03:44:25] [Server thread/WARN]: Incorrect key serverConfig.claims.maxPlayerClaims was corrected from null to its default, 500. 
[03:44:25] [Server thread/WARN]: Incorrect key serverConfig.claims.maxPlayerClaimForceloads was corrected from null to its default, 10. 
[03:44:25] [Server thread/WARN]: Incorrect key serverConfig.claims.maxPlayerClaimsPermission was corrected from null to its default, xaero.pac_max_claims. 
[03:44:25] [Server thread/WARN]: Incorrect key serverConfig.claims.maxPlayerClaimForceloadsPermission was corrected from null to its default, xaero.pac_max_forceloads. 
[03:44:25] [Server thread/WARN]: Incorrect key serverConfig.claims.maxSingleClaimActionSize was corrected from null to its default, 121. 
[03:44:25] [Server thread/WARN]: Incorrect key serverConfig.claims.serverClaimPermission was corrected from null to its default, xaero.pac_server_claims. 
[03:44:25] [Server thread/WARN]: Incorrect key serverConfig.claims.moderatorModePermission was corrected from null to its default, xaero.pac_claims_moderator_mode. 
[03:44:25] [Server thread/WARN]: Incorrect key serverConfig.claims.adminModePermission was corrected from null to its default, xaero.pac_claims_admin_mode. 
[03:44:25] [Server thread/WARN]: Incorrect key serverConfig.claims.impersonationPermission was corrected from null to its default, xaero.pac_claims_impersonation. 
[03:44:25] [Server thread/WARN]: Incorrect key serverConfig.claims.teleportationPermission was corrected from null to its default, xaero.pac_claims_teleport. 
[03:44:25] [Server thread/WARN]: Incorrect key serverConfig.claims.maxClaimDistance was corrected from null to its default, 5. 
[03:44:25] [Server thread/WARN]: Incorrect key serverConfig.claims.claimableDimensionsListType was corrected from null to its default, ALL_BUT. 
[03:44:25] [Server thread/WARN]: Incorrect key serverConfig.claims.claimableDimensionsList was corrected from null to its default, []. 
[03:44:25] [Server thread/WARN]: Incorrect key serverConfig.claims.allowExistingClaimsInUnclaimableDimensions was corrected from null to its default, true. 
[03:44:25] [Server thread/WARN]: Incorrect key serverConfig.claims.allowExistingForceloadsInUnclaimableDimensions was corrected from null to its default, false. 
[03:44:25] [Server thread/WARN]: Incorrect key serverConfig.claims.claimsSynchronization was corrected from null to its default, ALL. 
[03:44:25] [Server thread/WARN]: Incorrect key serverConfig.claims.claimWelcomeMessages was corrected from null to its default, true. 
[03:44:25] [Server thread/WARN]: Incorrect key serverConfig.claims.protection was corrected from null to its default, SimpleCommentedConfig:{}. 
[03:44:25] [Server thread/WARN]: Incorrect key serverConfig.claims.protection.friendlyChunkProtectedEntityListType was corrected from null to its default, ALL_BUT. 
[03:44:25] [Server thread/WARN]: Incorrect key serverConfig.claims.protection.friendlyChunkProtectedEntityList was corrected from null to its default, [minecraft:boat]. 
[03:44:25] [Server thread/WARN]: Incorrect key serverConfig.claims.protection.hostileChunkProtectedEntityListType was corrected from null to its default, ONLY. 
[03:44:25] [Server thread/WARN]: Incorrect key serverConfig.claims.protection.hostileChunkProtectedEntityList was corrected from null to its default, []. 
[03:44:25] [Server thread/WARN]: Incorrect key serverConfig.claims.protection.blockProtectionExceptionList was corrected from null to its default, []. 
[03:44:25] [Server thread/WARN]: Incorrect key serverConfig.claims.protection.entityProtectionExceptionList was corrected from null to its default, []. 
[03:44:25] [Server thread/WARN]: Incorrect key serverConfig.claims.protection.entityClaimBarrierList was corrected from null to its default, []. 
[03:44:25] [Server thread/WARN]: Incorrect key serverConfig.claims.protection.forcedBlockProtectionExceptionList was corrected from null to its default, [minecraft:crafting_table]. 
[03:44:25] [Server thread/WARN]: Incorrect key serverConfig.claims.protection.blockProtectionOptionalExceptionGroups was corrected from null to its default, [Controls{minecraft:lever, #minecraft:buttons}, Doors{#minecraft:doors, #minecraft:fence_gates, #forge:fence_gates, #minecraft:trapdoors}, Chests{minecraft:chest, minecraft:trapped_chest, #forge:chests/wooden}, Barrels{minecraft:barrel, #forge:barrels}, Ender_Chests{minecraft:ender_chest, #forge:chests/ender}, Shulker_Boxes{#minecraft:shulker_boxes}, Furnaces{minecraft:furnace, minecraft:blast_furnace, minecraft:smoker}, Hoppers{minecraft:hopper}, Dispenser-like{minecraft:dispenser, minecraft:dropper}, Anvils{#minecraft:anvil}, Stonecutters{minecraft:stonecutter}, Grindstones{minecraft:grindstone}, Cartography_Tables{minecraft:cartography_table}, Lecterns{minecraft:lectern}, Smithing_Tables{minecraft:smithing_table}, Looms{minecraft:loom}, Jukeboxes{minecraft:jukebox}, Beds{#minecraft:beds}, Beacons{minecraft:beacon}, Enchanting_Tables{minecraft:enchanting_table}, break$Crops{#minecraft:crops}]. 
[03:44:25] [Server thread/WARN]: Incorrect key serverConfig.claims.protection.forcedEntityProtectionExceptionList was corrected from null to its default, [minecraft:minecart]. 
[03:44:25] [Server thread/WARN]: Incorrect key serverConfig.claims.protection.entityProtectionOptionalExceptionGroups was corrected from null to its default, [Traders{minecraft:villager, minecraft:wandering_trader}, hand$Item_Frames{minecraft:item_frame}, break$Livestock{minecraft:cow, minecraft:mooshroom, minecraft:sheep, minecraft:chicken, minecraft:pig, minecraft:rabbit, minecraft:goat}, Armor_Stands{minecraft:armor_stand}, Players{minecraft:player}]. 
[03:44:25] [Server thread/WARN]: Incorrect key serverConfig.claims.protection.forcedEntityClaimBarrierList was corrected from null to its default, [minecraft:falling_block, supplementaries:slingshot_projectile]. 
[03:44:25] [Server thread/WARN]: Incorrect key serverConfig.claims.protection.entityClaimBarrierOptionalGroups was corrected from null to its default, [Players{minecraft:player}, Ender_Pearls{minecraft:ender_pearl}]. 
[03:44:25] [Server thread/WARN]: Incorrect key serverConfig.claims.protection.entitiesAllowedToGrief was corrected from null to its default, [minecraft:sheep, interact$minecraft:potion, interact$minecraft:trident, interact$minecraft:(*_|)arrow, interact$minecraft:ender_pearl, interact$minecraft:egg, interact$minecraft:shulker_bullet]. 
[03:44:25] [Server thread/WARN]: Incorrect key serverConfig.claims.protection.entitiesAllowedToGriefEntities was corrected from null to its default, [interact$minecraft:potion, interact$minecraft:trident, interact$minecraft:(*_|)arrow, interact$minecraft:ender_pearl, interact$minecraft:egg, interact$minecraft:shulker_bullet]. 
[03:44:25] [Server thread/WARN]: Incorrect key serverConfig.claims.protection.entitiesAllowedToAccessPlayers was corrected from null to its default, [interact$minecraft:potion, interact$minecraft:trident, interact$minecraft:(*_|)arrow, interact$minecraft:ender_pearl, interact$minecraft:egg, interact$minecraft:shulker_bullet]. 
[03:44:25] [Server thread/WARN]: Incorrect key serverConfig.claims.protection.entitiesAllowedToGriefDroppedItems was corrected from null to its default, []. 
[03:44:25] [Server thread/WARN]: Incorrect key serverConfig.claims.protection.nonBlockGriefingMobs was corrected from null to its default, []. 
[03:44:25] [Server thread/WARN]: Incorrect key serverConfig.claims.protection.entityGriefingMobs was corrected from null to its default, []. 
[03:44:25] [Server thread/WARN]: Incorrect key serverConfig.claims.protection.playerGriefingMobs was corrected from null to its default, []. 
[03:44:25] [Server thread/WARN]: Incorrect key serverConfig.claims.protection.droppedItemGriefingMobs was corrected from null to its default, []. 
[03:44:25] [Server thread/WARN]: Incorrect key serverConfig.claims.protection.blockAccessEntityGroups was corrected from null to its default, [Villagers{minecraft:villager}]. 
[03:44:25] [Server thread/WARN]: Incorrect key serverConfig.claims.protection.entityAccessEntityGroups was corrected from null to its default, [Zombies{minecraft:zombie, minecraft:zombie_villager, minecraft:husk, minecraft:drowned}]. 
[03:44:25] [Server thread/WARN]: Incorrect key serverConfig.claims.protection.playerAccessEntityGroups was corrected from null to its default, [Zombies{minecraft:zombie, minecraft:zombie_villager, minecraft:husk, minecraft:drowned}]. 
[03:44:25] [Server thread/WARN]: Incorrect key serverConfig.claims.protection.droppedItemAccessEntityGroups was corrected from null to its default, [Villagers{minecraft:villager}, Piglins{minecraft:piglin}, Foxes{minecraft:fox}]. 
[03:44:25] [Server thread/WARN]: Incorrect key serverConfig.claims.protection.staticFakePlayers was corrected from null to its default, [[IntegratedTunnels], 7400926d-1007-4e53-880f-b43e67f2bf29]. 
[03:44:25] [Server thread/WARN]: Incorrect key serverConfig.claims.protection.staticFakePlayerClassExceptions was corrected from null to its default, [dan200.computercraft.shared.turtle.core.TurtlePlayer]. 
[03:44:25] [Server thread/WARN]: Incorrect key serverConfig.claims.protection.additionalBannedItemsList was corrected from null to its default, [supplementaries:slingshot]. 
[03:44:25] [Server thread/WARN]: Incorrect key serverConfig.claims.protection.itemUseProtectionExceptionList was corrected from null to its default, [minecraft:firework_rocket]. 
[03:44:25] [Server thread/WARN]: Incorrect key serverConfig.claims.protection.itemUseProtectionOptionalExceptionGroups was corrected from null to its default, [Books{minecraft:written_book, minecraft:writable_book}]. 
[03:44:25] [Server thread/WARN]: Incorrect key serverConfig.claims.protection.completelyDisabledItemInteractions was corrected from null to its default, []. 
[03:44:25] [Server thread/WARN]: Incorrect key serverConfig.claims.protection.completelyDisabledBlockInteractions was corrected from null to its default, []. 
[03:44:25] [Server thread/WARN]: Incorrect key serverConfig.claims.protection.completelyDisabledEntityInteractions was corrected from null to its default, []. 
[03:44:25] [Server thread/WARN]: Incorrect key serverConfig.claims.protection.completelyDisableFrostWalking was corrected from null to its default, false. 
[03:44:25] [Server thread/WARN]: Incorrect key serverConfig.claims.protection.reducedBoatEntityCollisions was corrected from null to its default, true. 
[03:44:25] [Server thread/WARN]: Incorrect key serverConfig.playerConfigurablePlayerConfigOptions was corrected from null to its default, [claims.protectClaimedChunks, claims.forceload.enabled, claims.name, claims.color, claims.protection.exceptions.fullAccess, claims.protection.exceptions.buttonsByProjectiles, claims.protection.exceptions.targetsByProjectiles, claims.protection.exceptions.platesByPlayers, claims.protection.exceptions.platesByMobs, claims.protection.exceptions.platesByOther, claims.protection.exceptions.tripwireByPlayers, claims.protection.exceptions.tripwireByMobs, claims.protection.exceptions.tripwireByOther, claims.protection.exceptions.cropTrample, claims.protection.exceptions.playerLightning, claims.protection.exceptions.frostWalking, claims.protection.exceptions.entitiesByPlayers, claims.protection.exceptions.entitiesByMobs, claims.protection.exceptions.entitiesByOther, claims.protection.exceptions.entitiesRedirect, claims.protection.exceptions.entitiesByExplosions, claims.protection.exceptions.entitiesByFire, claims.protection.exceptions.netherPortalsPlayers, claims.protection.exceptions.netherPortalsMobs, claims.protection.exceptions.netherPortalsOther, claims.protection.fluidBarrier, claims.protection.dispenserBarrier, claims.protection.pistonBarrier, claims.protection.exceptions.itemTossPlayers, claims.protection.exceptions.itemTossMobs, claims.protection.exceptions.itemTossOther, claims.protection.exceptions.itemTossRedirect, claims.protection.exceptions.mobLoot, claims.protection.playerDeathLoot, claims.protection.exceptions.itemPickupPlayers, claims.protection.exceptions.itemPickupMobs, claims.protection.exceptions.itemPickupRedirect, claims.protection.exceptions.xpPickup, claims.protection.exceptions.raids, claims.protection.exceptions.naturalSpawnHostile, claims.protection.exceptions.naturalSpawnFriendly, claims.protection.exceptions.spawnersHostile, claims.protection.exceptions.spawnersFriendly, claims.protection.exceptions.projectileHitHostileSpawn, claims.protection.exceptions.projectileHitFriendlySpawn, claims.protection.exceptions.reclaimable, parties.name, parties.shareLocationWithParty, parties.shareLocationWithMutualAllyParties, parties.receiveLocationsFromParty, parties.receiveLocationsFromMutualAllyParties, claims.protection.exceptions.groups.block.interact.Controls, claims.protection.exceptions.groups.block.interact.Doors, claims.protection.exceptions.groups.block.interact.Chests, claims.protection.exceptions.groups.block.interact.Barrels, claims.protection.exceptions.groups.block.interact.Ender_Chests, claims.protection.exceptions.groups.block.interact.Shulker_Boxes, claims.protection.exceptions.groups.block.interact.Furnaces, claims.protection.exceptions.groups.block.interact.Hoppers, claims.protection.exceptions.groups.block.interact.Dispenser-like, claims.protection.exceptions.groups.block.interact.Anvils, claims.protection.exceptions.groups.block.interact.Stonecutters, claims.protection.exceptions.groups.block.interact.Grindstones, claims.protection.exceptions.groups.block.interact.Cartography_Tables, claims.protection.exceptions.groups.block.interact.Lecterns, claims.protection.exceptions.groups.block.interact.Smithing_Tables, claims.protection.exceptions.groups.block.interact.Looms, claims.protection.exceptions.groups.block.interact.Jukeboxes, claims.protection.exceptions.groups.block.interact.Beds, claims.protection.exceptions.groups.block.interact.Beacons, claims.protection.exceptions.groups.block.interact.Enchanting_Tables, claims.protection.exceptions.groups.block.break.Crops, claims.protection.exceptions.groups.entity.interact.Traders, claims.protection.exceptions.groups.entity.handInteract.Item_Frames, claims.protection.exceptions.groups.entity.interact.Armor_Stands, claims.protection.exceptions.groups.entity.interact.Players, claims.protection.exceptions.groups.entity.break.Livestock, claims.protection.exceptions.groups.entity.blockAccess.Villagers, claims.protection.exceptions.groups.entity.entityAccess.Zombies, claims.protection.exceptions.groups.entity.playerAccess.Zombies, claims.protection.exceptions.groups.entity.droppedItemAccess.Villagers, claims.protection.exceptions.groups.entity.droppedItemAccess.Piglins, claims.protection.exceptions.groups.entity.droppedItemAccess.Foxes, claims.protection.exceptions.groups.item.interact.Books, claims.protection.exceptions.groups.entity.barrier.Ender_Pearls, /*remove comment to enable*/claims.protection.exceptions.groups.entity.barrier.Players]. 
[03:44:25] [Server thread/WARN]: Incorrect key serverConfig.opConfigurablePlayerConfigOptions was corrected from null to its default, [claims.bonusChunkClaims, claims.bonusChunkForceloads, bonusPlayerGroups, bonusPlayerGroupSpace]. 
[03:44:25] [Server thread/INFO]: Starting minecraft server version 1.18.2
[03:44:25] [Server thread/INFO]: Loading properties
[03:44:25] [Server thread/INFO]: Default game type: SURVIVAL
[03:44:25] [Server thread/INFO]: Generating keypair
[03:44:25] [Server thread/INFO]: Starting Minecraft server on 127.0.0.1:25586
[03:44:25] [Server thread/INFO]: Using default channel type
[03:44:25] [Server thread/WARN]: **** SERVER IS RUNNING IN OFFLINE/INSECURE MODE!
[03:44:25] [Server thread/WARN]: The server will make no attempt to authenticate usernames. Beware.
[03:44:25] [Server thread/WARN]: While this makes the game possible to play without internet access, it also opens up the ability for hackers to connect with any username they choose.
[03:44:25] [Server thread/WARN]: To change this, set "online-mode" to "true" in the server.properties file.
[03:44:26] [Server thread/INFO]: Preparing level "world"
[03:44:26] [Server thread/INFO]: Initializing Open Parties and Claims for the server...
[03:44:26] [Server thread/INFO]: Loading server info!
[03:44:26] [Server thread/INFO]: Loading player configs...
[03:44:26] [Server thread/INFO]: Loaded player configs!
[03:44:26] [Server thread/INFO]: Loading parties...
[03:44:26] [Server thread/INFO]: Loaded parties!
[03:44:26] [Server thread/INFO]: Fixing party inconsistencies...
[03:44:26] [Server thread/INFO]: Registered party system for OPAC: default
[03:44:26] [Server thread/WARN]: The configured primary party system "ftb_teams" isn't registered!
[03:44:26] [Server thread/INFO]: Configured OPAC to use the following party system as primary: default
[03:44:26] [Server thread/INFO]: Loading claims...
[03:44:26] [Server thread/INFO]: Loaded claims in 180ms
[03:44:26] [Server thread/WARN]: The configured permission system "ftb_ranks" isn't registered!
[03:44:30] [Server thread/INFO]: Preparing start region for dimension minecraft:overworld
[03:44:30] [Worker-Main-44/INFO]: Preparing spawn area: 0%
[03:44:30] [Worker-Main-26/INFO]: Preparing spawn area: 0%
[03:44:31] [Worker-Main-40/INFO]: Preparing spawn area: 0%
[03:44:31] [Worker-Main-44/INFO]: Preparing spawn area: 1%
[03:44:32] [Worker-Main-42/INFO]: Preparing spawn area: 4%
[03:44:32] [Worker-Main-40/INFO]: Preparing spawn area: 7%
[03:44:33] [Worker-Main-31/INFO]: Preparing spawn area: 9%
[03:44:33] [Worker-Main-40/INFO]: Preparing spawn area: 13%
[03:44:34] [Worker-Main-36/INFO]: Preparing spawn area: 19%
[03:44:34] [Worker-Main-30/INFO]: Preparing spawn area: 25%
[03:44:35] [Worker-Main-45/INFO]: Preparing spawn area: 29%
[03:44:35] [Worker-Main-36/INFO]: Preparing spawn area: 36%
[03:44:36] [Worker-Main-38/INFO]: Preparing spawn area: 42%
[03:44:36] [Worker-Main-44/INFO]: Preparing spawn area: 46%
[03:44:37] [Worker-Main-33/INFO]: Preparing spawn area: 50%
[03:44:37] [Worker-Main-42/INFO]: Preparing spawn area: 56%
[03:44:38] [Worker-Main-37/INFO]: Preparing spawn area: 62%
[03:44:38] [Worker-Main-24/INFO]: Preparing spawn area: 70%
[03:44:39] [Worker-Main-32/INFO]: Preparing spawn area: 70%
[03:44:39] [Worker-Main-33/INFO]: Preparing spawn area: 83%
[03:44:40] [Worker-Main-42/INFO]: Preparing spawn area: 96%
[03:44:40] [Server thread/INFO]: Time elapsed: 10158 ms
[03:44:40] [Server thread/INFO]: Done (13.870s)! For help, type "help"
[03:44:40] [Server thread/INFO]: [STDOUT]: [CuboidPlots] Ready: parent=openpartiesandclaims, limits=config
[03:44:40] [Server thread/INFO]: [STDOUT]: [CuboidPlots test] PASS two ordinary non-operator identities
[03:44:43] [Server thread/INFO]: [STDOUT]: [CuboidPlots test] PASS parent baseline denies untrusted player without action scope
[03:44:43] [Server thread/INFO]: [STDOUT]: [CuboidPlots test] PASS cuboid exception overrides real parent denial
[03:44:43] [Server thread/INFO]: [STDOUT]: [CuboidPlots test] PASS standing inside does not grant target outside
[03:44:43] [Server thread/INFO]: [STDOUT]: [CuboidPlots test] PASS standing outside can act on authorized target
[03:44:43] [Server thread/INFO]: [STDOUT]: [CuboidPlots test] PASS actual game mode destroys authorized block
[03:44:43] [Server thread/INFO]: [STDOUT]: [CuboidPlots test] PASS actual game mode leaves denied outside block intact
[03:44:43] [Server thread/INFO]: [STDOUT]: [CuboidPlots test] PASS revocation restores real parent denial
[03:44:44] [Server thread/INFO]: [STDOUT]: [CuboidPlots test] PASS two same-chunk, stacked, and four-chunk cuboids coexist
[03:44:44] [Server thread/INFO]: [STDOUT]: [CuboidPlots test] PASS actual placement allowed independently of breaking
[03:44:44] [Server thread/INFO]: [STDOUT]: [CuboidPlots test] PASS place grant does not permit actual breaking
[03:44:44] [Server thread/INFO]: [STDOUT]: [CuboidPlots test] PASS break grant does not permit actual placement
[03:44:44] [Server thread/INFO]: [STDOUT]: [CuboidPlots test] PASS bed second block beyond boundary refuses exception
[03:44:44] [Server thread/INFO]: [STDOUT]: [CuboidPlots test] PASS container-only grant opens actual chest in vertically separate cuboid
[03:44:44] [Server thread/INFO]: [STDOUT]: [CuboidPlots test] PASS other player cannot open same chest
[03:44:44] [Server thread/INFO]: [STDOUT]: [CuboidPlots test] PASS parent denies ungranted door use
[03:44:45] [Server thread/INFO]: [STDOUT]: [CuboidPlots test] PASS door-only grant opens actual two-block door
[03:44:45] [Server thread/INFO]: [STDOUT]: [CuboidPlots test] PASS door grant does not permit switch use
[03:44:45] [Server thread/INFO]: [STDOUT]: [CuboidPlots test] PASS switch-only exception powers actual isolated lever
[03:44:45] [Server thread/INFO]: [STDOUT]: [CuboidPlots test] PASS switch grant does not permit other block interactions
[03:44:45] [Server thread/INFO]: [STDOUT]: [CuboidPlots test] PASS other-block exception changes actual note block
[03:44:45] [Server thread/INFO]: [STDOUT]: [CuboidPlots test] PASS other-block grant does not permit item-on-block use
[03:44:46] [Server thread/INFO]: [STDOUT]: [CuboidPlots test] PASS item-on-block exception carves actual pumpkin
[03:44:46] [Server thread/INFO]: [STDOUT]: [CuboidPlots test] PASS parent denies ungranted entity interaction
[03:44:46] [Server thread/INFO]: [STDOUT]: [CuboidPlots test] PASS entity interaction traverses parent protection with bounded target
[03:44:46] [Server thread/INFO]: [STDOUT]: [CuboidPlots test] PASS entity interaction grant does not permit damage
[03:44:46] [Server thread/INFO]: [STDOUT]: [CuboidPlots test] PASS entity damage traverses parent protection independently
[03:44:46] [Server thread/INFO]: [STDOUT]: [CuboidPlots test] PASS item-in-air scope has no implicit region grant
[03:44:47] [Server thread/INFO]: [STDOUT]: [CuboidPlots test] PASS explicit item-in-air grant uses eye position for bounded food use
[03:44:47] [Server thread/INFO]: [STDOUT]: [CuboidPlots test] PASS unbounded bucket effects receive no region exception
[03:44:47] [Server thread/INFO]: [STDOUT]: [CuboidPlots test] PASS surveyor is a marked vanilla stick
[03:44:47] [Server thread/INFO]: [STDOUT]: [CuboidPlots test] PASS stick clicks set inclusive corners and invoke particle preview
[03:44:47] [Server thread/INFO]: [STDOUT]: [CuboidPlots test] PASS selection leaves target blocks intact
[03:44:47] [Server thread/INFO]: [STDOUT]: [CuboidPlots test] PASS server opens vanilla 54-slot chest menu plus player inventory
[03:44:47] [Server thread/INFO]: [STDOUT]: [CuboidPlots test] PASS menu shift-click cannot take decorative items
[03:44:47] [Server thread/INFO]: Saving chunks for level 'ServerLevel[world]'/minecraft:overworld
[03:44:49] [Server thread/INFO]: Saving chunks for level 'ServerLevel[world]'/minecraft:the_nether
[03:44:49] [Server thread/INFO]: Saving chunks for level 'ServerLevel[world]'/minecraft:the_end
[03:44:49] [Server thread/INFO]: ThreadedAnvilChunkStorage (world): All chunks are saved
[03:44:49] [Server thread/INFO]: ThreadedAnvilChunkStorage (DIM-1): All chunks are saved
[03:44:49] [Server thread/INFO]: ThreadedAnvilChunkStorage (DIM1): All chunks are saved
[03:44:49] [Server thread/INFO]: ThreadedAnvilChunkStorage: All dimensions are saved
[03:44:50] [Server thread/INFO]: [STDOUT]: [CuboidPlots] Reserved 0 return boxes for 00000000-0000-0001-0000-000000000001
[03:44:51] [Server thread/INFO]: [STDOUT]: [CuboidPlots test] PASS owner places tracked recovery chest through game mode
[03:44:51] [Server thread/INFO]: Saving chunks for level 'ServerLevel[world]'/minecraft:overworld
[03:44:51] [Server thread/INFO]: Saving chunks for level 'ServerLevel[world]'/minecraft:the_nether
[03:44:51] [Server thread/INFO]: Saving chunks for level 'ServerLevel[world]'/minecraft:the_end
[03:44:52] [Server thread/INFO]: ThreadedAnvilChunkStorage (world): All chunks are saved
[03:44:52] [Server thread/INFO]: ThreadedAnvilChunkStorage (DIM-1): All chunks are saved
[03:44:52] [Server thread/INFO]: ThreadedAnvilChunkStorage (DIM1): All chunks are saved
[03:44:52] [Server thread/INFO]: ThreadedAnvilChunkStorage: All dimensions are saved
[03:44:52] [Server thread/INFO]: [STDOUT]: [CuboidPlots] Reserved 2 return boxes for 00000000-0000-0001-0000-000000000002
[03:44:52] [Server thread/INFO]: [STDOUT]: [CuboidPlots test] PASS deletion removes tracked placed block
[03:44:52] [Server thread/INFO]: [STDOUT]: [CuboidPlots test] PASS deletion preserves untracked preexisting terrain
[03:44:52] [Server thread/INFO]: [STDOUT]: [CuboidPlots test] PASS inventory contents, block loot and dropped items packed across multiple boxes
[03:44:52] [Server thread/INFO]: [STDOUT]: [CuboidPlots test] PASS returns reserved for assigned owner, not parent owner
[03:44:53] [Server thread/INFO]: [STDOUT]: [CuboidPlots test] PASS actual End parent claim has independent UUID permissions at identical coordinates
[03:44:53] [Server thread/INFO]: [STDOUT]: [CuboidPlots test] PASS End cuboid grant does not depend on overworld coordinates
[03:44:53] [Server thread/INFO]: [STDOUT]: [CuboidPlots test] PASS actual break allowed in covered chunk 1,0
[03:44:53] [Server thread/INFO]: [STDOUT]: [CuboidPlots test] PASS actual break allowed in covered chunk 1,1
[03:44:53] [Server thread/INFO]: [STDOUT]: [CuboidPlots test] PASS actual break allowed in covered chunk 2,0
[03:44:53] [Server thread/INFO]: [STDOUT]: [CuboidPlots test] PASS actual break allowed in covered chunk 2,1
[03:44:53] [Server thread/INFO]: [STDOUT]: [CuboidPlots test] PASS actual parent exception works at a negative chunk boundary
[03:44:54] [Server thread/INFO]: Saving chunks for level 'ServerLevel[world]'/minecraft:overworld
[03:44:54] [Server thread/INFO]: Saving chunks for level 'ServerLevel[world]'/minecraft:the_nether
[03:44:54] [Server thread/INFO]: Saving chunks for level 'ServerLevel[world]'/minecraft:the_end
[03:44:54] [Server thread/INFO]: ThreadedAnvilChunkStorage (world): All chunks are saved
[03:44:54] [Server thread/INFO]: ThreadedAnvilChunkStorage (DIM-1): All chunks are saved
[03:44:54] [Server thread/INFO]: ThreadedAnvilChunkStorage (DIM1): All chunks are saved
[03:44:54] [Server thread/INFO]: ThreadedAnvilChunkStorage: All dimensions are saved
[03:44:55] [Server thread/INFO]: [STDOUT]: [CuboidPlots] Reserved 0 return boxes for 00000000-0000-0001-0000-000000000001
[03:44:55] [Server thread/INFO]: Saving chunks for level 'ServerLevel[world]'/minecraft:overworld
[03:44:55] [Server thread/INFO]: Saving chunks for level 'ServerLevel[world]'/minecraft:the_nether
[03:44:55] [Server thread/INFO]: Saving chunks for level 'ServerLevel[world]'/minecraft:the_end
[03:44:56] [Server thread/INFO]: ThreadedAnvilChunkStorage (world): All chunks are saved
[03:44:56] [Server thread/INFO]: ThreadedAnvilChunkStorage (DIM-1): All chunks are saved
[03:44:56] [Server thread/INFO]: ThreadedAnvilChunkStorage (DIM1): All chunks are saved
[03:44:56] [Server thread/INFO]: ThreadedAnvilChunkStorage: All dimensions are saved
[03:44:56] [Server thread/INFO]: [STDOUT]: [CuboidPlots] Reserved 1 return boxes for 00000000-0000-0001-0000-000000000002
[03:44:56] [Server thread/INFO]: [STDOUT]: [CuboidPlots test] PASS direct parent ownership transfer suspends region
[03:44:56] [Server thread/INFO]: [STDOUT]: [CuboidPlots test] PASS parent ownership transfer reserves old assigned owner's items
[03:44:57] [Server thread/INFO]: Saving chunks for level 'ServerLevel[world]'/minecraft:overworld
[03:44:57] [Server thread/INFO]: Saving chunks for level 'ServerLevel[world]'/minecraft:the_nether
[03:44:57] [Server thread/INFO]: Saving chunks for level 'ServerLevel[world]'/minecraft:the_end
[03:44:58] [Server thread/INFO]: ThreadedAnvilChunkStorage (world): All chunks are saved
[03:44:58] [Server thread/INFO]: ThreadedAnvilChunkStorage (DIM-1): All chunks are saved
[03:44:58] [Server thread/INFO]: ThreadedAnvilChunkStorage (DIM1): All chunks are saved
[03:44:58] [Server thread/INFO]: ThreadedAnvilChunkStorage: All dimensions are saved
[03:44:58] [Server thread/INFO]: [STDOUT]: [CuboidPlots] Reserved 0 return boxes for 00000000-0000-0001-0000-000000000001
[03:44:58] [Server thread/INFO]: [STDOUT]: [CuboidPlots test] PASS real parent unclaim suspends stale cuboid grants
[03:44:58] [Server thread/INFO]: [STDOUT]: [CuboidPlots test] Test run finished, stopping server
[03:44:58] [Server thread/INFO]: Stopping IO worker...
[03:45:00] [Server thread/INFO]: Stopped IO worker!
[03:45:00] [Server thread/INFO]: Stopping server
[03:45:00] [Server thread/INFO]: Saving players
[03:45:00] [Server thread/INFO]: Saving worlds
[03:45:00] [Server thread/INFO]: Saving chunks for level 'ServerLevel[world]'/minecraft:overworld
[03:45:01] [Server thread/INFO]: Saving chunks for level 'ServerLevel[world]'/minecraft:the_nether
[03:45:01] [Server thread/INFO]: Saving chunks for level 'ServerLevel[world]'/minecraft:the_end
[03:45:01] [Server thread/INFO]: ThreadedAnvilChunkStorage (world): All chunks are saved
[03:45:01] [Server thread/INFO]: ThreadedAnvilChunkStorage (DIM-1): All chunks are saved
[03:45:01] [Server thread/INFO]: ThreadedAnvilChunkStorage (DIM1): All chunks are saved
[03:45:01] [Server thread/INFO]: ThreadedAnvilChunkStorage: All dimensions are saved
