Starting net.fabricmc.loader.impl.game.minecraft.BundlerClassPathCapture
[03:46:49] [main/INFO]: Loading Minecraft 1.18.2 with Fabric Loader 0.16.14
[03:46:49] [main/INFO]: Loading 48 mods:
	- architectury 4.12.94
	- cloth-config 6.5.116
	   \-- cloth-basic-math 0.6.1
	- cuboidplots 0.1.0
	   |-- dev_cuboidplots_core 0.1.0
	   \-- mixinextras 0.4.1
	- fabric-api 0.77.0+1.18.2
	   |-- fabric-api-base 0.4.5+64b7c69360
	   |-- fabric-api-lookup-api-v1 1.6.3+2373a54560
	   |-- fabric-biome-api-v1 8.0.7+e83becad60
	   |-- fabric-block-api-v1 1.0.0+ee3621fc60
	   |-- fabric-blockrenderlayer-v1 1.1.13+3ac43d9560
	   |-- fabric-command-api-v1 1.1.10+d7c144a860
	   |-- fabric-commands-v0 0.2.9+b4f4f6cd60
	   |-- fabric-containers-v0 0.1.24+d7c144a860
	   |-- fabric-content-registries-v0 3.1.3+c85f2e3860
	   |-- fabric-convention-tags-v1 1.1.0+43ce63a460
	   |-- fabric-crash-report-info-v1 0.2.1+ee261a3e60
	   |-- fabric-data-generation-api-v1 3.1.0+6c70b68e60
	   |-- fabric-dimensions-v1 2.1.21+489d6f8260
	   |-- fabric-entity-events-v1 1.4.9+d7c144a860
	   |-- fabric-events-interaction-v0 0.4.20+d7c144a860
	   |-- fabric-events-lifecycle-v0 0.2.22+d7c144a860
	   |-- fabric-game-rule-api-v1 1.0.13+d7c144a860
	   |-- fabric-item-api-v1 1.6.2+8165403660
	   |-- fabric-item-groups-v0 0.3.16+91896a4960
	   |-- fabric-key-binding-api-v1 1.0.12+54e5b2ec60
	   |-- fabric-keybindings-v0 0.2.10+b4f4f6cd60
	   |-- fabric-lifecycle-events-v1 2.1.1+cc71601c60
	   |-- fabric-loot-api-v2 1.1.2+1997ad1260
	   |-- fabric-loot-tables-v1 1.1.4+e747827960
	   |-- fabric-mining-level-api-v1 2.1.6+cc71601c60
	   |-- fabric-models-v0 0.3.7+d7c144a860
	   |-- fabric-networking-api-v1 1.0.24+2d30af4b60
	   |-- fabric-networking-v0 0.3.11+b4f4f6cd60
	   |-- fabric-object-builder-api-v1 2.1.5+032c981d60
	   |-- fabric-particles-v1 0.2.13+526dc1ac60
	   |-- fabric-registry-sync-v0 0.9.12+bb2e047760
	   |-- fabric-renderer-api-v1 0.5.0+bf48649860
	   |-- fabric-renderer-indigo 0.6.1+03e2b68760
	   |-- fabric-renderer-registries-v1 3.2.13+b4f4f6cd60
	   |-- fabric-rendering-data-attachment-v1 0.3.9+ee3621fc60
	   |-- fabric-rendering-fluids-v1 2.0.3+54e5b2ec60
	   |-- fabric-rendering-v0 1.1.15+b4f4f6cd60
	   |-- fabric-rendering-v1 1.11.0+b7f3cf3460
	   |-- fabric-resource-conditions-api-v1 2.0.3+91b7aa6660
	   |-- fabric-resource-loader-v0 0.5.3+047a5ecb60
	   |-- fabric-screen-api-v1 1.0.11+d882b91560
	   |-- fabric-screen-handler-api-v1 1.2.3+1f6558e860
	   |-- fabric-textures-v0 1.0.13+3ac43d9560
	   |-- fabric-transfer-api-v1 1.6.4+f4563ac860
	   \-- fabric-transitive-access-wideners-v1 1.1.0+e747827960
	- fabricloader 0.16.14
	   \-- mixinextras 0.4.1
	- forgeconfigapiport 3.2.4
	   |-- com_electronwill_night-config_core 3.6.5
	   \-- com_electronwill_night-config_toml 3.6.5
	- java 17
	- minecraft 1.18.2
	- openpartiesandclaims 0.30.3
[03:46:49] [main/INFO]: SpongePowered MIXIN Subsystem Version=0.8.7 Source=file:/D:/Nextcloud/Projects/Web/CuboidPlots/.work/servers/1.18.2/fabric/opac/libraries/net/fabricmc/sponge-mixin/0.15.5+mixin.0.8.7/sponge-mixin-0.15.5+mixin.0.8.7.jar Service=Knot/Fabric Env=SERVER
[03:46:57] [main/INFO]: Compatibility level set to JAVA_16
[03:46:57] [main/INFO]: Compatibility level set to JAVA_17
[03:46:58] [main/INFO]: Initializing MixinExtras via com.llamalad7.mixinextras.service.MixinExtrasServiceImpl(version=0.4.1).
[03:46:59] [main/WARN]: COM exception querying Win32_Processor, which might not be on your system. Will not attempt to query it again. Error was -2147217405: (HRESULT: 80041003)
[03:46:59] [main/WARN]: COM exception querying Win32_VideoController, which might not be on your system. Will not attempt to query it again. Error was -2147217405: (HRESULT: 80041003)
[03:46:59] [main/WARN]: COM exception querying Win32_PhysicalMemory, which might not be on your system. Will not attempt to query it again. Error was -2147217405: (HRESULT: 80041003)
[03:47:13] [main/INFO]: Loading Open Parties and Claims!
[03:47:14] [main/INFO]: Environment: authHost='https://authserver.mojang.com', accountsHost='https://api.mojang.com', sessionHost='https://sessionserver.mojang.com', servicesHost='https://api.minecraftservices.com', name='PROD'
[03:47:20] [main/WARN]: Ambiguity between arguments [teleport, location] and [teleport, destination] with inputs: [0.1 -0.5 .9, 0 0 0]
[03:47:20] [main/WARN]: Ambiguity between arguments [teleport, location] and [teleport, targets] with inputs: [0.1 -0.5 .9, 0 0 0]
[03:47:20] [main/WARN]: Ambiguity between arguments [teleport, destination] and [teleport, targets] with inputs: [Player, 0123, @e, dd12be42-52a9-4a91-a8a1-11c01849e498]
[03:47:20] [main/WARN]: Ambiguity between arguments [teleport, targets] and [teleport, destination] with inputs: [Player, 0123, dd12be42-52a9-4a91-a8a1-11c01849e498]
[03:47:20] [main/WARN]: Ambiguity between arguments [teleport, targets, location] and [teleport, targets, destination] with inputs: [0.1 -0.5 .9, 0 0 0]
[03:47:20] [main/WARN]: Ambiguity between arguments [oparties, about, player] and [oparties, about, profile] with inputs: [Player, 0123, dd12be42-52a9-4a91-a8a1-11c01849e498]
[03:47:20] [main/WARN]: Ambiguity between arguments [oparties, about, profile] and [oparties, about, player] with inputs: [Player, 0123]
[03:47:20] [main/WARN]: Ambiguity between arguments [oclaims, transfer, player] and [oclaims, transfer, profile] with inputs: [Player, 0123, dd12be42-52a9-4a91-a8a1-11c01849e498]
[03:47:20] [main/WARN]: Ambiguity between arguments [oclaims, transfer, profile] and [oclaims, transfer, player] with inputs: [Player, 0123]
[03:47:20] [Worker-Main-38/INFO]: Loaded 7 recipes
[03:47:20] [Worker-Main-38/INFO]: Loaded 1141 advancements
[03:47:21] [main/INFO]: Applied 0 biome modifications to 0 of 61 new biomes in 1.682 ms
[03:47:21] [Server thread/INFO]: Starting minecraft server version 1.18.2
[03:47:21] [Server thread/INFO]: Loading properties
[03:47:21] [Server thread/INFO]: Default game type: SURVIVAL
[03:47:21] [Server thread/INFO]: Generating keypair
[03:47:21] [Server thread/INFO]: Starting Minecraft server on 127.0.0.1:25586
[03:47:22] [Server thread/INFO]: Using default channel type
[03:47:22] [Server thread/WARN]: **** SERVER IS RUNNING IN OFFLINE/INSECURE MODE!
[03:47:22] [Server thread/WARN]: The server will make no attempt to authenticate usernames. Beware.
[03:47:22] [Server thread/WARN]: While this makes the game possible to play without internet access, it also opens up the ability for hackers to connect with any username they choose.
[03:47:22] [Server thread/WARN]: To change this, set "online-mode" to "true" in the server.properties file.
[03:47:22] [Server thread/INFO]: Preparing level "world"
[03:47:22] [Server thread/INFO]: Initializing Open Parties and Claims for the server...
[03:47:22] [Server thread/INFO]: Loading server info!
[03:47:22] [Server thread/INFO]: Loading player configs...
[03:47:24] [Server thread/INFO]: Loaded player configs!
[03:47:24] [Server thread/INFO]: Loading parties...
[03:47:24] [Server thread/INFO]: Loaded parties!
[03:47:24] [Server thread/INFO]: Fixing party inconsistencies...
[03:47:24] [Server thread/INFO]: Registered party system for OPAC: default
[03:47:24] [Server thread/WARN]: The configured primary party system "ftb_teams" isn't registered!
[03:47:24] [Server thread/INFO]: Configured OPAC to use the following party system as primary: default
[03:47:24] [Server thread/INFO]: Loading claims...
[03:47:24] [Server thread/INFO]: Loaded claims in 17ms
[03:47:24] [Server thread/WARN]: The configured permission system "ftb_ranks" isn't registered!
[03:47:24] [Server thread/INFO]: Preparing start region for dimension minecraft:overworld
[03:47:25] [Worker-Main-36/INFO]: Preparing spawn area: 0%
[03:47:25] [Worker-Main-36/INFO]: Preparing spawn area: 0%
[03:47:25] [Worker-Main-44/INFO]: Preparing spawn area: 0%
[03:47:26] [Worker-Main-36/INFO]: Preparing spawn area: 3%
[03:47:26] [Worker-Main-34/INFO]: Preparing spawn area: 61%
[03:47:27] [Worker-Main-45/INFO]: Preparing spawn area: 93%
[03:47:27] [Server thread/INFO]: Time elapsed: 2514 ms
[03:47:27] [Server thread/INFO]: Done (4.549s)! For help, type "help"
[03:47:27] [Server thread/INFO]: [STDOUT]: [CuboidPlots] Ready: parent=openpartiesandclaims, limits=config
[03:47:27] [Server thread/INFO]: [STDOUT]: [CuboidPlots test] PASS two ordinary non-operator identities
[03:47:27] [Server thread/INFO]: [STDOUT]: [CuboidPlots test] PASS grant persisted across actual server restart
[03:47:27] [Server thread/INFO]: [STDOUT]: [CuboidPlots test] PASS persisted grant traverses parent protection on restarted server
[03:47:27] [Server thread/INFO]: [STDOUT]: [CuboidPlots test] PASS offline owner's return boxes persisted across restart
[03:47:30] [Server thread/INFO]: [STDOUT]: [CuboidPlots test] PASS assigned owner collects all queued boxes
[03:47:30] [Server thread/INFO]: [STDOUT]: [CuboidPlots test] PASS repeated collection does not duplicate items
[03:47:30] [Server thread/INFO]: [STDOUT]: [CuboidPlots test] PASS restarted recovery preserves exact container, dropped-item and block-loot counts
[03:47:30] [Server thread/INFO]: [STDOUT]: [CuboidPlots test] Test run finished, stopping server
[03:47:30] [Server thread/INFO]: Stopping IO worker...
[03:47:30] [Server thread/INFO]: Stopped IO worker!
[03:47:30] [Server thread/INFO]: Stopping server
[03:47:30] [Server thread/INFO]: Saving players
[03:47:30] [Server thread/INFO]: Saving worlds
[03:47:31] [Server thread/INFO]: Saving chunks for level 'ServerLevel[world]'/minecraft:overworld
[03:47:31] [Server thread/INFO]: Saving chunks for level 'ServerLevel[world]'/minecraft:the_nether
[03:47:31] [Server thread/INFO]: Saving chunks for level 'ServerLevel[world]'/minecraft:the_end
[03:47:32] [Server thread/INFO]: ThreadedAnvilChunkStorage (world): All chunks are saved
[03:47:32] [Server thread/INFO]: ThreadedAnvilChunkStorage (DIM-1): All chunks are saved
[03:47:32] [Server thread/INFO]: ThreadedAnvilChunkStorage (DIM1): All chunks are saved
[03:47:32] [Server thread/INFO]: ThreadedAnvilChunkStorage: All dimensions are saved
