Starting net.fabricmc.loader.impl.game.minecraft.BundlerClassPathCapture
[03:28:33] [main/INFO]: Loading Minecraft 1.20.1 with Fabric Loader 0.16.14
[03:28:33] [main/INFO]: Loading 53 mods:
	- architectury 9.2.14
	- cloth-config 11.1.136
	   \-- cloth-basic-math 0.6.1
	- cuboidplots 0.1.0
	   |-- dev_cuboidplots_core 0.1.0
	   \-- mixinextras 0.4.1
	- fabric-api 0.92.6+1.20.1
	   |-- fabric-api-base 0.4.32+1802ada577
	   |-- fabric-api-lookup-api-v1 1.6.37+1802ada577
	   |-- fabric-biome-api-v1 13.0.14+1802ada577
	   |-- fabric-block-api-v1 1.0.12+1802ada577
	   |-- fabric-block-view-api-v2 1.0.3+924f046a77
	   |-- fabric-blockrenderlayer-v1 1.1.42+1802ada577
	   |-- fabric-client-tags-api-v1 1.1.3+1802ada577
	   |-- fabric-command-api-v1 1.2.35+f71b366f77
	   |-- fabric-command-api-v2 2.2.14+1802ada577
	   |-- fabric-commands-v0 0.2.52+df3654b377
	   |-- fabric-containers-v0 0.1.67+df3654b377
	   |-- fabric-content-registries-v0 4.0.13+1802ada577
	   |-- fabric-convention-tags-v1 1.5.6+1802ada577
	   |-- fabric-crash-report-info-v1 0.2.20+1802ada577
	   |-- fabric-data-attachment-api-v1 1.0.2+de0fd6d177
	   |-- fabric-data-generation-api-v1 12.3.7+1802ada577
	   |-- fabric-dimensions-v1 2.1.55+1802ada577
	   |-- fabric-entity-events-v1 1.6.1+1c78457f77
	   |-- fabric-events-interaction-v0 0.6.5+13a40c6677
	   |-- fabric-events-lifecycle-v0 0.2.64+df3654b377
	   |-- fabric-game-rule-api-v1 1.0.41+1802ada577
	   |-- fabric-item-api-v1 2.1.29+1802ada577
	   |-- fabric-item-group-api-v1 4.0.14+1802ada577
	   |-- fabric-key-binding-api-v1 1.0.38+1802ada577
	   |-- fabric-keybindings-v0 0.2.36+df3654b377
	   |-- fabric-lifecycle-events-v1 2.2.23+1802ada577
	   |-- fabric-loot-api-v2 1.2.3+1802ada577
	   |-- fabric-loot-tables-v1 1.1.47+9e7660c677
	   |-- fabric-message-api-v1 5.1.10+1802ada577
	   |-- fabric-mining-level-api-v1 2.1.52+1802ada577
	   |-- fabric-model-loading-api-v1 1.0.4+1802ada577
	   |-- fabric-models-v0 0.4.3+9386d8a777
	   |-- fabric-networking-api-v1 1.3.14+a158aa0477
	   |-- fabric-networking-v0 0.3.54+df3654b377
	   |-- fabric-object-builder-api-v1 11.1.5+e35120df77
	   |-- fabric-particles-v1 1.1.3+1802ada577
	   |-- fabric-recipe-api-v1 1.0.24+1802ada577
	   |-- fabric-registry-sync-v0 2.3.6+1802ada577
	   |-- fabric-renderer-api-v1 3.2.2+1802ada577
	   |-- fabric-renderer-indigo 1.5.3+85287f9f77
	   |-- fabric-renderer-registries-v1 3.2.47+df3654b377
	   |-- fabric-rendering-data-attachment-v1 0.3.39+92a0d36777
	   |-- fabric-rendering-fluids-v1 3.0.29+1802ada577
	   |-- fabric-rendering-v0 1.1.50+df3654b377
	   |-- fabric-rendering-v1 3.0.9+1802ada577
	   |-- fabric-resource-conditions-api-v1 2.3.9+1802ada577
	   |-- fabric-resource-loader-v0 0.11.12+fb82e9d777
	   |-- fabric-screen-api-v1 2.0.9+1802ada577
	   |-- fabric-screen-handler-api-v1 1.3.33+1802ada577
	   |-- fabric-sound-api-v1 1.0.14+1802ada577
	   |-- fabric-transfer-api-v1 3.3.6+8dd72ea377
	   \-- fabric-transitive-access-wideners-v1 4.3.2+1802ada577
	- fabricloader 0.16.14
	   \-- mixinextras 0.4.1
	- ftbchunks 2001.3.8
	- ftblibrary 2001.2.13
	- ftbranks 2001.1.7
	- ftbteams 2001.3.2
	- java 17
	- minecraft 1.20.1
[03:28:33] [main/INFO]: SpongePowered MIXIN Subsystem Version=0.8.7 Source=file:/D:/Nextcloud/Projects/Web/CuboidPlots/.work/servers/1.20.1/fabric/ftb/libraries/net/fabricmc/sponge-mixin/0.15.5+mixin.0.8.7/sponge-mixin-0.15.5+mixin.0.8.7.jar Service=Knot/Fabric Env=SERVER
[03:28:41] [main/INFO]: Compatibility level set to JAVA_16
[03:28:41] [main/INFO]: Compatibility level set to JAVA_17
[03:28:42] [main/INFO]: Initializing MixinExtras via com.llamalad7.mixinextras.service.MixinExtrasServiceImpl(version=0.4.1).
[03:28:44] [main/WARN]: COM exception querying Win32_Processor, which might not be on your system. Will not attempt to query it again. Error was -2147217405: (HRESULT: 80041003)
[03:28:44] [main/WARN]: COM exception querying Win32_Processor, which might not be on your system. Will not attempt to query it again. Error was -2147217405: (HRESULT: 80041003)
[03:28:44] [main/WARN]: COM exception querying Win32_VideoController, which might not be on your system. Will not attempt to query it again. Error was -2147217405: (HRESULT: 80041003)
[03:28:44] [main/WARN]: COM exception querying Win32_PhysicalMemory, which might not be on your system. Will not attempt to query it again. Error was -2147217405: (HRESULT: 80041003)
[03:28:53] [main/INFO]: Registering C2S receiver with id ftbchunks:request_map_data
[03:28:53] [main/INFO]: Registering C2S receiver with id ftbchunks:share_waypoint
[03:28:53] [main/INFO]: Registering C2S receiver with id ftbchunks:request_chunk_change
[03:28:53] [main/INFO]: Registering C2S receiver with id ftbchunks:teleport_from_map
[03:28:53] [main/INFO]: Registering C2S receiver with id ftbchunks:sync_tx
[03:28:53] [main/INFO]: Registering C2S receiver with id ftbchunks:update_force_load_expiry
[03:28:53] [main/INFO]: Registering C2S receiver with id ftbchunks:server_config_request
[03:28:53] [main/INFO]: Registering C2S receiver with id ftblibrary:edit_nbt_response
[03:28:53] [main/INFO]: Registering C2S receiver with id ftbteams:open_gui
[03:28:53] [main/INFO]: Registering C2S receiver with id ftbteams:update_settings
[03:28:53] [main/INFO]: Registering C2S receiver with id ftbteams:send_message
[03:28:53] [main/INFO]: Registering C2S receiver with id ftbteams:create_party
[03:28:53] [main/INFO]: Registering C2S receiver with id ftbteams:player_gui_operation
[03:28:53] [main/INFO]: Environment: authHost='https://authserver.mojang.com', accountsHost='https://api.mojang.com', sessionHost='https://sessionserver.mojang.com', servicesHost='https://api.minecraftservices.com', name='PROD'
[03:28:55] [main/INFO]: Loading command nodes...
[03:28:55] [main/INFO]: Loaded 1806 command nodes
[03:28:56] [main/INFO]: Loaded 7 recipes
[03:28:56] [main/INFO]: Loaded 1271 advancements
[03:28:58] [main/INFO]: Applied 0 biome modifications to 0 of 64 new biomes in 1.822 ms
[03:28:58] [Server thread/INFO]: loaded team data: 3 known players, 3 teams total
[03:28:58] [Server thread/INFO]: Starting minecraft server version 1.20.1
[03:28:58] [Server thread/INFO]: Loading properties
[03:28:58] [Server thread/INFO]: Default game type: SURVIVAL
[03:28:58] [Server thread/INFO]: Generating keypair
[03:28:58] [Server thread/INFO]: Starting Minecraft server on 127.0.0.1:25575
[03:28:59] [Server thread/INFO]: Using default channel type
[03:28:59] [Server thread/WARN]: **** SERVER IS RUNNING IN OFFLINE/INSECURE MODE!
[03:28:59] [Server thread/WARN]: The server will make no attempt to authenticate usernames. Beware.
[03:28:59] [Server thread/WARN]: While this makes the game possible to play without internet access, it also opens up the ability for hackers to connect with any username they choose.
[03:28:59] [Server thread/WARN]: To change this, set "online-mode" to "true" in the server.properties file.
[03:29:00] [Server thread/INFO]: Preparing level "world"
[03:29:00] [Server thread/INFO]: Preparing start region for dimension minecraft:overworld
[03:29:02] [Worker-Main-5/INFO]: Preparing spawn area: 0%
[03:29:02] [Worker-Main-13/INFO]: Preparing spawn area: 0%
[03:29:02] [Worker-Main-5/INFO]: Preparing spawn area: 0%
[03:29:02] [Worker-Main-5/INFO]: Preparing spawn area: 0%
[03:29:02] [Worker-Main-10/INFO]: Preparing spawn area: 0%
[03:29:03] [Worker-Main-11/INFO]: Preparing spawn area: 26%
[03:29:03] [Server thread/INFO]: Time elapsed: 2927 ms
[03:29:03] [Server thread/INFO]: Done (3.305s)! For help, type "help"
[03:29:03] [Server thread/INFO]: Loaded 3 ranks
[03:29:03] [Server thread/INFO]: [STDOUT]: [CuboidPlots] Ready: parent=ftbchunks, limits=config
[03:29:03] [Server thread/INFO]: [STDOUT]: [CuboidPlots test] PASS two ordinary non-operator identities
[03:29:03] [Server thread/INFO]: [STDOUT]: [CuboidPlots test] PASS grant persisted across actual server restart
[03:29:03] [Server thread/INFO]: [STDOUT]: [CuboidPlots test] PASS persisted grant traverses parent protection on restarted server
[03:29:03] [Server thread/INFO]: [STDOUT]: [CuboidPlots test] PASS offline owner's return boxes persisted across restart
[03:29:10] [Server thread/INFO]: [STDOUT]: [CuboidPlots test] PASS assigned owner collects all queued boxes
[03:29:10] [Server thread/INFO]: [STDOUT]: [CuboidPlots test] PASS repeated collection does not duplicate items
[03:29:10] [Server thread/INFO]: [STDOUT]: [CuboidPlots test] PASS restarted recovery preserves exact container, dropped-item and block-loot counts
[03:29:10] [Server thread/INFO]: [STDOUT]: [CuboidPlots test] Test run finished, stopping server
[03:29:10] [Server thread/INFO]: Stopping server
[03:29:10] [Server thread/INFO]: Saving players
[03:29:10] [Server thread/INFO]: Saving worlds
[03:29:11] [Server thread/INFO]: Saving chunks for level 'ServerLevel[world]'/minecraft:overworld
[03:29:13] [Server thread/INFO]: Saving chunks for level 'ServerLevel[world]'/minecraft:the_end
[03:29:13] [Server thread/INFO]: Saving chunks for level 'ServerLevel[world]'/minecraft:the_nether
[03:29:14] [Server thread/INFO]: ThreadedAnvilChunkStorage (world): All chunks are saved
[03:29:14] [Server thread/INFO]: ThreadedAnvilChunkStorage (DIM1): All chunks are saved
[03:29:14] [Server thread/INFO]: ThreadedAnvilChunkStorage (DIM-1): All chunks are saved
[03:29:14] [Server thread/INFO]: ThreadedAnvilChunkStorage: All dimensions are saved
